#
# A fatal error has been detected by the Java Runtime Environment:
#
#  SIGSEGV (0xb) at pc=0x0000147ee8616936, pid=2724738, tid=2724788
#
# JRE version: Java(TM) SE Runtime Environment (20.0.1+9) (build 20.0.1+9-29)
# Java VM: Java HotSpot(TM) 64-Bit Server VM (20.0.1+9-29, mixed mode, sharing, tiered, compressed oops, compressed class ptrs, g1 gc, linux-amd64)
# Problematic frame:
# J 84 c1 java.util.zip.ZipFile$Source.isMetaName([BII)Z java.base@20.0.1 (141 bytes) @ 0x0000147ee8616936 [0x0000147ee8616740+0x00000000000001f6]
#
# Core dump will be written. Default location: Core dumps may be processed with "/usr/lib/systemd/systemd-coredump %P %u %g %s %t %c %h %d %F" (or dumping to /mnt/data/sur/users/mmontante/SimulacionesMetabolicas/core.2724738)
#
# If you would like to submit a bug report, please visit:
#   https://bugreport.java.com/bugreport/crash.jsp
#

---------------  S U M M A R Y ------------

Command Line: --add-opens=java.base/java.lang=ALL-UNNAMED --add-opens=java.base/java.io=ALL-UNNAMED --add-opens=java.base/java.nio=ALL-UNNAMED --add-opens=java.base/java.net=ALL-UNNAMED --add-opens=java.base/java.util=ALL-UNNAMED --add-opens=java.base/java.util.concurrent.locks=ALL-UNNAMED --add-opens=java.base/java.util.concurrent.atomic=ALL-UNNAMED --add-opens=java.base/java.nio.file.spi=ALL-UNNAMED --add-opens=java.base/sun.nio.ch=ALL-UNNAMED --add-opens=java.base/sun.nio.fs=ALL-UNNAMED --add-opens=java.base/sun.net.www.protocol.http=ALL-UNNAMED --add-opens=java.base/sun.net.www.protocol.https=ALL-UNNAMED --add-opens=java.base/sun.net.www.protocol.ftp=ALL-UNNAMED --add-opens=java.base/sun.net.www.protocol.file=ALL-UNNAMED --add-opens=java.base/jdk.internal.misc=ALL-UNNAMED --add-opens=java.base/jdk.internal.vm=ALL-UNNAMED --add-opens=java.base/java.util.regex=ALL-UNNAMED -Dfile.encoding=UTF-8 -Dcapsule.trampoline -Dcapsule.java.cmd=/opt/apps/oracle-java/20.0.1/bin/java -Dcom.sun.security.enableAIAcaIssuers=true -Djava.awt.headless=true -Djava.io.tmpdir=/tmp /home/mmontante/.nextflow/framework/25.10.4/nextflow-25.10.4-one.jar run main.nf -entry MEMOTE -profile memote

Host: Intel(R) Xeon(R) CPU E5-2690 v4 @ 2.60GHz, 28 cores, 251G, Rocky Linux release 9.7 (Blue Onyx)
Time: Mon Aug 17 13:26:11 2026 CST elapsed time: 0.189925 seconds (0d 0h 0m 0s)

---------------  T H R E A D  ---------------

Current thread (0x0000147f0002b470):  JavaThread "main" [_thread_in_Java, id=2724788, stack(0x0000147f048ab000,0x0000147f049ab000)]

Stack: [0x0000147f048ab000,0x0000147f049ab000],  sp=0x0000147f049a9270,  free space=1016k
Native frames: (J=compiled Java code, j=interpreted, Vv=VM code, C=native code)
J 84 c1 java.util.zip.ZipFile$Source.isMetaName([BII)Z java.base@20.0.1 (141 bytes) @ 0x0000147ee8616936 [0x0000147ee8616740+0x00000000000001f6]
j  java.util.zip.ZipFile$Source.initCEN(I)V+303 java.base@20.0.1
j  java.util.zip.ZipFile$Source.<init>(Ljava/util/zip/ZipFile$Source$Key;ZLjava/util/zip/ZipCoder;)V+107 java.base@20.0.1
j  java.util.zip.ZipFile$Source.get(Ljava/io/File;ZLjava/util/zip/ZipCoder;)Ljava/util/zip/ZipFile$Source;+110 java.base@20.0.1
j  java.util.zip.ZipFile$CleanableResource.<init>(Ljava/util/zip/ZipFile;Ljava/util/zip/ZipCoder;Ljava/io/File;I)V+56 java.base@20.0.1
j  java.util.zip.ZipFile.<init>(Ljava/io/File;ILjava/nio/charset/Charset;)V+123 java.base@20.0.1
j  java.util.zip.ZipFile.<init>(Ljava/io/File;I)V+6 java.base@20.0.1
j  java.util.jar.JarFile.<init>(Ljava/io/File;ZILjava/lang/Runtime$Version;)V+3 java.base@20.0.1
j  java.util.jar.JarFile.<init>(Ljava/io/File;ZI)V+7 java.base@20.0.1
j  java.util.jar.JarFile.<init>(Ljava/lang/String;)V+11 java.base@20.0.1
j  sun.launcher.LauncherHelper.getMainClassFromJar(Ljava/lang/String;)Ljava/lang/String;+5 java.base@20.0.1
j  sun.launcher.LauncherHelper.loadMainClass(ILjava/lang/String;)Ljava/lang/Class;+34 java.base@20.0.1
j  sun.launcher.LauncherHelper.checkAndLoadMain(ZILjava/lang/String;)Ljava/lang/Class;+42 java.base@20.0.1
v  ~StubRoutines::call_stub 0x0000147eefb38cc6
V  [libjvm.so+0x8a84c5]  JavaCalls::call_helper(JavaValue*, methodHandle const&, JavaCallArguments*, JavaThread*)+0x315
V  [libjvm.so+0x95070a]  jni_invoke_static(JNIEnv_*, JavaValue*, _jobject*, JNICallType, _jmethodID*, JNI_ArgumentPusher*, JavaThread*) [clone .constprop.1]+0x3ba
V  [libjvm.so+0x9515f3]  jni_CallStaticObjectMethod+0x163
C  [libjli.so+0x3ef3]  JavaMain+0x593
C  [libjli.so+0x7c59]  ThreadJavaMain+0x9

siginfo: si_signo: 11 (SIGSEGV), si_code: 128 (SI_KERNEL), si_addr: 0x0000000000000000

Registers:
RAX=0x0000147e9c02ad50, RBX=0x00850000000001d8, RCX=0x0000000000045e8d, RDX=0x0000000000000034
RSP=0x0000147f049a9270, RBP=0x0000147f049a9310, RSI=0x000000011f7ae238, RDI=0x0000000000045e82
R8 =0x0000000000000000, R9 =0x0000000000000add, R10=0x0000147f05df1480, R11=0x0000147ee8616740
R12=0x0000000000000000, R13=0x0000147f049a92b0, R14=0x0000147f049a9390, R15=0x0000147f0002b470
RIP=0x0000147ee8616936, EFLAGS=0x0000000000010246, CSGSFS=0x002b000000000033, ERR=0x0000000000000000
  TRAPNO=0x000000000000000d


Register to memory mapping:

RAX=0x0000147e9c02ad50 is pointing into metadata
RBX=0x00850000000001d8 is an unknown value
RCX=0x0000000000045e8d is an unknown value
RDX=0x0000000000000034 is an unknown value
RSP=0x0000147f049a9270 is pointing into the stack for thread: 0x0000147f0002b470
RBP=0x0000147f049a9310 is pointing into the stack for thread: 0x0000147f0002b470
RSI=0x000000011f7ae238 is an oop: [B 
{0x000000011f7ae238} - klass: {type array byte}
 - length: 2360691
RDI=0x0000000000045e82 is an unknown value
R8 =0x0 is NULL
R9 =0x0000000000000add is an unknown value
R10=0x0000147f05df1480: <offset 0x000000000136b480> in /opt/apps/oracle-java/20.0.1/lib/server/libjvm.so at 0x0000147f04a86000
R11=0x0000147ee8616740 is at entry_point+0 in (nmethod*)0x0000147ee8616590
Compiled method (c1)     197   84       3       java.util.zip.ZipFile$Source::isMetaName (141 bytes)
 total in heap  [0x0000147ee8616590,0x0000147ee8616db0] = 2080
 relocation     [0x0000147ee86166d8,0x0000147ee8616738] = 96
 main code      [0x0000147ee8616740,0x0000147ee8616c10] = 1232
 stub code      [0x0000147ee8616c10,0x0000147ee8616c40] = 48
 metadata       [0x0000147ee8616c40,0x0000147ee8616c48] = 8
 scopes data    [0x0000147ee8616c48,0x0000147ee8616ca0] = 88
 scopes pcs     [0x0000147ee8616ca0,0x0000147ee8616d90] = 240
 dependencies   [0x0000147ee8616d90,0x0000147ee8616d98] = 8
 nul chk table  [0x0000147ee8616d98,0x0000147ee8616db0] = 24
R12=0x0 is NULL
R13=0x0000147f049a92b0 is pointing into the stack for thread: 0x0000147f0002b470
R14=0x0000147f049a9390 is pointing into the stack for thread: 0x0000147f0002b470
R15=0x0000147f0002b470 is a thread


Top of Stack: (sp=0x0000147f049a9270)
0x0000147f049a9270:   0000147e9c02b1a0 00000007fef2fea0
0x0000147f049a9280:   00000008003168c8 0000000000000000
0x0000147f049a9290:   0000147f049a92a8 0000147f049a9310
0x0000147f049a92a0:   0000147f049a9310 0000147eefb554be
0x0000147f049a92b0:   0000000000000010 0000000000045e7e
0x0000147f049a92c0:   000000011f7ae238 0000147f049a92c8
0x0000147f049a92d0:   0000000800a4c19f 0000147f049a9390
0x0000147f049a92e0:   0000000800315210 0000000000000000
0x0000147f049a92f0:   00000007fef2fea0 00000008003165b0
0x0000147f049a9300:   0000147f049a92b0 0000147f049a9388
0x0000147f049a9310:   0000147f049a93e0 0000147eefb553aa
0x0000147f049a9320:   0000000000000000 0000000000000000
0x0000147f049a9330:   0000000000000010 000000000024055d
0x0000147f049a9340:   0000000000045e7e 0000000000045e50
0x0000147f049a9350:   0000000000002286 0000000000000000
0x0000147f049a9360:   0000000000000000 000000011f097b58
0x0000147f049a9370:   0000000000002e75 00000001000116c1
0x0000147f049a9380:   000000011f7ae238 00000000ffffffff
0x0000147f049a9390:   000000011f051e00 0000147f049a9398
0x0000147f049a93a0:   0000000800a4b7c3 0000147f049a9418
0x0000147f049a93b0:   0000000800315210 0000000000000000
0x0000147f049a93c0:   00000007fef2fea0 0000000800316298
0x0000147f049a93d0:   0000147f049a9388 0000147f049a9400
0x0000147f049a93e0:   0000147f049a9480 0000147eefb553aa
0x0000147f049a93f0:   0000000000000000 0000000000000000
0x0000147f049a9400:   000000011f050768 0000000000000000
0x0000147f049a9410:   000000011f051618 000000011f051e00
0x0000147f049a9420:   000000011f051e00 0000000000000001
0x0000147f049a9430:   0000000000000000 0000147f049a9428
0x0000147f049a9440:   0000000800a4ba36 0000147f049a94c8
0x0000147f049a9450:   0000000800315210 0000000000000000
0x0000147f049a9460:   00000007fef2fea0 0000000800316348 

Instructions: (pc=0x0000147ee8616936)
0x0000147ee8616836:   00 00 00 00 0f 85 0a 00 00 00 48 bb 88 01 00 00
0x0000147ee8616846:   00 00 00 00 48 8b 14 1f 48 8d 52 01 48 89 14 1f
0x0000147ee8616856:   0f 85 85 02 00 00 48 8b f8 ff c7 3b 46 0c 0f 83
0x0000147ee8616866:   f3 02 00 00 48 63 c0 0f be 44 06 10 83 c8 20 83
0x0000147ee8616876:   f8 65 48 b8 50 ad 02 9c 7e 14 00 00 48 bb 98 01
0x0000147ee8616886:   00 00 00 00 00 00 0f 85 0a 00 00 00 48 bb a8 01
0x0000147ee8616896:   00 00 00 00 00 00 48 8b 14 18 48 8d 52 01 48 89
0x0000147ee86168a6:   14 18 0f 85 33 02 00 00 48 8b c7 ff c0 3b 7e 0c
0x0000147ee86168b6:   0f 83 af 02 00 00 48 63 ff 0f be 7c 3e 10 83 cf
0x0000147ee86168c6:   20 83 ff 74 48 bf 50 ad 02 9c 7e 14 00 00 48 bb
0x0000147ee86168d6:   b8 01 00 00 00 00 00 00 0f 85 0a 00 00 00 48 bb
0x0000147ee86168e6:   c8 01 00 00 00 00 00 00 48 8b 14 1f 48 8d 52 01
0x0000147ee86168f6:   48 89 14 1f 0f 85 e1 01 00 00 48 8b f8 ff c7 3b
0x0000147ee8616906:   46 0c 0f 83 6b 02 00 00 48 63 c0 0f be 44 06 10
0x0000147ee8616916:   83 c8 20 83 f8 61 48 b8 50 ad 02 9c 7e 14 00 00
0x0000147ee8616926:   48 bb d8 01 00 00 00 00 00 00 0f 85 0a 00 00 00
0x0000147ee8616936:   48 bb e8 01 00 00 00 00 00 00 48 8b 14 18 48 8d
0x0000147ee8616946:   52 01 48 89 14 18 0f 85 8f 01 00 00 48 8b c7 ff
0x0000147ee8616956:   c0 3b 7e 0c 0f 83 27 02 00 00 48 63 ff 0f be 7c
0x0000147ee8616966:   3e 10 83 ff 2d 48 bf 50 ad 02 9c 7e 14 00 00 48
0x0000147ee8616976:   bb f8 01 00 00 00 00 00 00 0f 85 0a 00 00 00 48
0x0000147ee8616986:   bb 08 02 00 00 00 00 00 00 48 8b 14 1f 48 8d 52
0x0000147ee8616996:   01 48 89 14 1f 0f 85 40 01 00 00 48 8b f8 ff c7
0x0000147ee86169a6:   3b 46 0c 0f 83 e6 01 00 00 48 63 c0 0f be 44 06
0x0000147ee86169b6:   10 83 c8 20 83 f8 69 48 b8 50 ad 02 9c 7e 14 00
0x0000147ee86169c6:   00 48 bb 18 02 00 00 00 00 00 00 0f 85 0a 00 00
0x0000147ee86169d6:   00 48 bb 28 02 00 00 00 00 00 00 48 8b 14 18 48
0x0000147ee86169e6:   8d 52 01 48 89 14 18 0f 85 ee 00 00 00 48 8b c7
0x0000147ee86169f6:   ff c0 3b 7e 0c 0f 83 a2 01 00 00 48 63 ff 0f be
0x0000147ee8616a06:   7c 3e 10 83 cf 20 83 ff 6e 48 bf 50 ad 02 9c 7e
0x0000147ee8616a16:   14 00 00 48 bb 38 02 00 00 00 00 00 00 0f 85 0a
0x0000147ee8616a26:   00 00 00 48 bb 48 02 00 00 00 00 00 00 48 8b 14 


Stack slot to memory mapping:
stack at sp + 0 slots: 0x0000147e9c02b1a0 is pointing into metadata
stack at sp + 1 slots: 0x00000007fef2fea0 is an oop: java.lang.Class 
{0x00000007fef2fea0} - klass: 'java/lang/Class'
 - ---- fields (total size 18 words):
 - private volatile transient 'classRedefinedCount' 'I' @12  0 (0x00000000)
 - abstract internal 'klass' 'J' @16  34362969488 (0x0000000800314d90)
 - abstract internal 'array_klass' 'J' @24  0 (0x0000000000000000)
 - abstract internal 'oop_size' 'I' @32  18 (0x00000012)
 - abstract internal 'static_oop_field_count' 'I' @36  4 (0x00000004)
 - private volatile transient 'cachedConstructor' 'Ljava/lang/reflect/Constructor;' @40  NULL (0x00000000)
 - private transient 'name' 'Ljava/lang/String;' @44  NULL (0x00000000)
 - private transient 'module' 'Ljava/lang/Module;' @48  a 'java/lang/Module'{0x000000011f016520} (0x23e02ca4)
 - private final 'classLoader' 'Ljava/lang/ClassLoader;' @52  NULL (0x00000000)
 - private transient 'classData' 'Ljava/lang/Object;' @56  NULL (0x00000000)
 - private transient 'packageName' 'Ljava/lang/String;' @60  NULL (0x00000000)
 - private final 'componentType' 'Ljava/lang/Class;' @64  NULL (0x00000000)
 - private volatile transient 'reflectionData' 'Ljava/lang/ref/SoftReference;' @68  NULL (0x00000000)
 - private volatile transient 'genericInfo' 'Lsun/reflect/generics/repository/ClassRepository;' @72  NULL (0x00000000)
 - private volatile transient 'enumConstants' '[Ljava/lang/Object;' @76  NULL (0x00000000)
 - private volatile transient 'enumConstantDirectory' 'Ljava/util/Map;' @80  NULL (0x00000000)
 - private volatile transient 'annotationData' 'Ljava/lang/Class$AnnotationData;' @84  NULL (0x00000000)
 - private volatile transient 'annotationType' 'Lsun/reflect/annotation/AnnotationType;' @88  NULL (0x00000000)
 - transient 'classValueMap' 'Ljava/lang/ClassValue$ClassValueMap;' @92  NULL (0x00000000)
 - abstract internal 'protection_domain' 'Ljava/lang/Object;' @96  NULL (0x00000000)
 - abstract internal 'signers_name' 'Ljava/lang/Object;' @100  NULL (0x00000000)
 - abstract internal 'source_file' 'Ljava/lang/Object;' @104  NULL (0x00000000)
 - signature: Ljava/util/zip/ZipFile$Source;
 - ---- static fields (4):
 - private static final 'JUJA' 'Ljdk/internal/access/JavaUtilJarAccess;' @112  a 'java/util/jar/JavaUtilJarAccessImpl'{0x000000011f050418} (0x23e0a083)
 - private static final 'META_INF_LEN' 'I' @128  9 (0x00000009)
 - private static final 'EMPTY_META_VERSIONS' '[I' @116  [I{0x000000011f050938} (0x23e0a127)
 - private static final 'ZIP_ENDCHAIN' 'I' @132  -1 (0xffffffff)
 - private static final 'files' 'Ljava/util/HashMap;' @120  a 'java/util/HashMap'{0x000000011f050948} (0x23e0a129)
 - private static final 'builtInFS' 'Ljava/nio/file/FileSystem;' @124  a 'sun/nio/fs/LinuxFileSystem'{0x000000011f050c10} (0x23e0a182)
 - private static final 'BUF_SIZE' 'I' @136  8192 (0x00002000)
 - static final synthetic '$assertionsDisabled' 'Z' @140  true (0x01)
stack at sp + 2 slots: {method} {0x00000008003168c8} 'nextEntryPos' '(III)I' in 'java/util/zip/ZipFile$Source'
stack at sp + 3 slots: 0x0 is NULL
stack at sp + 4 slots: 0x0000147f049a92a8 is pointing into the stack for thread: 0x0000147f0002b470
stack at sp + 5 slots: 0x0000147f049a9310 is pointing into the stack for thread: 0x0000147f0002b470
stack at sp + 6 slots: 0x0000147f049a9310 is pointing into the stack for thread: 0x0000147f0002b470
stack at sp + 7 slots: 0x0000147eefb554be is at code_begin+1374 in an Interpreter codelet
return entry points  [0x0000147eefb54f60, 0x0000147eefb55a28]  2760 bytes


Compiled method (c1)     205   84       3       java.util.zip.ZipFile$Source::isMetaName (141 bytes)
 total in heap  [0x0000147ee8616590,0x0000147ee8616db0] = 2080
 relocation     [0x0000147ee86166d8,0x0000147ee8616738] = 96
 main code      [0x0000147ee8616740,0x0000147ee8616c10] = 1232
 stub code      [0x0000147ee8616c10,0x0000147ee8616c40] = 48
 metadata       [0x0000147ee8616c40,0x0000147ee8616c48] = 8
 scopes data    [0x0000147ee8616c48,0x0000147ee8616ca0] = 88
 scopes pcs     [0x0000147ee8616ca0,0x0000147ee8616d90] = 240
 dependencies   [0x0000147ee8616d90,0x0000147ee8616d98] = 8
 nul chk table  [0x0000147ee8616d98,0x0000147ee8616db0] = 24

[Constant Pool (empty)]

[MachCode]
[Verified Entry Point]
  # {method} {0x0000000800316768} 'isMetaName' '([BII)Z' in 'java/util/zip/ZipFile$Source'
  # parm0:    rsi:rsi   = '[B'
  # parm1:    rdx       = int
  # parm2:    rcx       = int
  #           [sp+0x40]  (sp of caller)
  0x0000147ee8616740: 8984 2400 | c0fe ff55 | 4883 ec30 | 4181 7f20 | 0100 0000 

  0x0000147ee8616754: ;   {runtime_call StubRoutines (2)}
  0x0000147ee8616754: 7405 e845 

  0x0000147ee8616758: ;   {metadata(method data for {method} {0x0000000800316768} 'isMetaName' '([BII)Z' in 'java/util/zip/ZipFile$Source')}
  0x0000147ee8616758: a856 0748 | b850 ad02 | 9c7e 1400 | 008b b8f4 | 0000 0083 | c702 89b8 | f400 0000 | 81e7 fe07 
  0x0000147ee8616778: 0000 83ff | 000f 8493 | 0300 0083 

  0x0000147ee8616784: ;   {metadata(method data for {method} {0x0000000800316768} 'isMetaName' '([BII)Z' in 'java/util/zip/ZipFile$Source')}
  0x0000147ee8616784: f909 48b8 | 50ad 029c | 7e14 0000 | 48bf 3801 | 0000 0000 | 0000 0f8e | 0a00 0000 | 48bf 4801 
  0x0000147ee86167a4: 0000 0000 | 0000 488b | 1c38 488d | 5b01 4889 | 1c38 0f8e | 2503 0000 | 03ca ffc9 

  0x0000147ee86167c0: ; implicit exception: dispatches to 0x0000147ee8616b37
  0x0000147ee86167c0: 3b4e 0c0f | 8378 0300 | 0048 63c9 | 0fbe 440e | 1083 f82f 

  0x0000147ee86167d4: ;   {metadata(method data for {method} {0x0000000800316768} 'isMetaName' '([BII)Z' in 'java/util/zip/ZipFile$Source')}
  0x0000147ee86167d4: 48b8 50ad | 029c 7e14 | 0000 48bf | 5801 0000 | 0000 0000 | 0f84 0a00 | 0000 48bf | 6801 0000 
  0x0000147ee86167f4: 0000 0000 | 488b 1c38 | 488d 5b01 | 4889 1c38 | 0f84 d702 | 0000 488b | c2ff c03b | 560c 0f83 
  0x0000147ee8616814: 3703 0000 | 4863 d20f | be7c 1610 | 83cf 2083 

  0x0000147ee8616824: ;   {metadata(method data for {method} {0x0000000800316768} 'isMetaName' '([BII)Z' in 'java/util/zip/ZipFile$Source')}
  0x0000147ee8616824: ff6d 48bf | 50ad 029c | 7e14 0000 | 48bb 7801 | 0000 0000 | 0000 0f85 | 0a00 0000 | 48bb 8801 
  0x0000147ee8616844: 0000 0000 | 0000 488b | 141f 488d | 5201 4889 | 141f 0f85 | 8502 0000 | 488b f8ff | c73b 460c 
  0x0000147ee8616864: 0f83 f302 | 0000 4863 | c00f be44 | 0610 83c8 | 2083 f865 

  0x0000147ee8616878: ;   {metadata(method data for {method} {0x0000000800316768} 'isMetaName' '([BII)Z' in 'java/util/zip/ZipFile$Source')}
  0x0000147ee8616878: 48b8 50ad | 029c 7e14 | 0000 48bb | 9801 0000 | 0000 0000 | 0f85 0a00 | 0000 48bb | a801 0000 
  0x0000147ee8616898: 0000 0000 | 488b 1418 | 488d 5201 | 4889 1418 | 0f85 3302 | 0000 488b | c7ff c03b | 7e0c 0f83 
  0x0000147ee86168b8: af02 0000 | 4863 ff0f | be7c 3e10 | 83cf 2083 

  0x0000147ee86168c8: ;   {metadata(method data for {method} {0x0000000800316768} 'isMetaName' '([BII)Z' in 'java/util/zip/ZipFile$Source')}
  0x0000147ee86168c8: ff74 48bf | 50ad 029c | 7e14 0000 | 48bb b801 | 0000 0000 | 0000 0f85 | 0a00 0000 | 48bb c801 
  0x0000147ee86168e8: 0000 0000 | 0000 488b | 141f 488d | 5201 4889 | 141f 0f85 | e101 0000 | 488b f8ff | c73b 460c 
  0x0000147ee8616908: 0f83 6b02 | 0000 4863 | c00f be44 | 0610 83c8 | 2083 f861 

  0x0000147ee861691c: ;   {metadata(method data for {method} {0x0000000800316768} 'isMetaName' '([BII)Z' in 'java/util/zip/ZipFile$Source')}
  0x0000147ee861691c: 48b8 50ad | 029c 7e14 | 0000 48bb | d801 0000 | 0000 0000 | 0f85 0a00 | 0000 48bb | e801 0000 
  0x0000147ee861693c: 0000 0000 | 488b 1418 | 488d 5201 | 4889 1418 | 0f85 8f01 | 0000 488b | c7ff c03b | 7e0c 0f83 
  0x0000147ee861695c: 2702 0000 | 4863 ff0f | be7c 3e10 

  0x0000147ee8616968: ;   {metadata(method data for {method} {0x0000000800316768} 'isMetaName' '([BII)Z' in 'java/util/zip/ZipFile$Source')}
  0x0000147ee8616968: 83ff 2d48 | bf50 ad02 | 9c7e 1400 | 0048 bbf8 | 0100 0000 | 0000 000f | 850a 0000 | 0048 bb08 
  0x0000147ee8616988: 0200 0000 | 0000 0048 | 8b14 1f48 | 8d52 0148 | 8914 1f0f | 8540 0100 | 0048 8bf8 | ffc7 3b46 
  0x0000147ee86169a8: 0c0f 83e6 | 0100 0048 | 63c0 0fbe | 4406 1083 | c820 83f8 

  0x0000147ee86169bc: ;   {metadata(method data for {method} {0x0000000800316768} 'isMetaName' '([BII)Z' in 'java/util/zip/ZipFile$Source')}
  0x0000147ee86169bc: 6948 b850 | ad02 9c7e | 1400 0048 | bb18 0200 | 0000 0000 | 000f 850a | 0000 0048 | bb28 0200 
  0x0000147ee86169dc: 0000 0000 | 0048 8b14 | 1848 8d52 | 0148 8914 | 180f 85ee | 0000 0048 | 8bc7 ffc0 | 3b7e 0c0f 
  0x0000147ee86169fc: 83a2 0100 | 0048 63ff | 0fbe 7c3e | 1083 cf20 

  0x0000147ee8616a0c: ;   {metadata(method data for {method} {0x0000000800316768} 'isMetaName' '([BII)Z' in 'java/util/zip/ZipFile$Source')}
  0x0000147ee8616a0c: 83ff 6e48 | bf50 ad02 | 9c7e 1400 | 0048 bb38 | 0200 0000 | 0000 000f | 850a 0000 | 0048 bb48 
  0x0000147ee8616a2c: 0200 0000 | 0000 0048 | 8b14 1f48 | 8d52 0148 | 8914 1f0f | 859c 0000 | 0048 8bf8 | ffc7 3b46 
  0x0000147ee8616a4c: 0c0f 835e | 0100 0048 | 63c0 0fbe | 4406 1083 | c820 83f8 

  0x0000147ee8616a60: ;   {metadata(method data for {method} {0x0000000800316768} 'isMetaName' '([BII)Z' in 'java/util/zip/ZipFile$Source')}
  0x0000147ee8616a60: 6648 b850 | ad02 9c7e | 1400 0048 | bb58 0200 | 0000 0000 | 000f 850a | 0000 0048 | bb68 0200 
  0x0000147ee8616a80: 0000 0000 | 0048 8b14 | 1848 8d52 | 0148 8914 | 180f 854a | 0000 003b | 7e0c 0f83 | 1f01 0000 
  0x0000147ee8616aa0: 4863 ff0f | be44 3e10 

  0x0000147ee8616aa8: ;   {metadata(method data for {method} {0x0000000800316768} 'isMetaName' '([BII)Z' in 'java/util/zip/ZipFile$Source')}
  0x0000147ee8616aa8: 83f8 2f48 | b850 ad02 | 9c7e 1400 | 0048 be88 | 0200 0000 | 0000 000f | 840a 0000 | 0048 be78 
  0x0000147ee8616ac8: 0200 0000 | 0000 0048 | 8b3c 3048 | 8d7f 0148 | 893c 300f | 840a 0000 | 00b8 0000 | 0000 e915 
  0x0000147ee8616ae8: ;   {metadata(method data for {method} {0x0000000800316768} 'isMetaName' '([BII)Z' in 'java/util/zip/ZipFile$Source')}
  0x0000147ee8616ae8: 0000 0048 | b850 ad02 | 9c7e 1400 | 00ff 8098 | 0200 00b8 | 0100 0000 | 83e0 0148 | 83c4 305d 
  0x0000147ee8616b08: ;   {poll_return}
  0x0000147ee8616b08: 493b a778 | 0300 000f | 87b8 0000 

  0x0000147ee8616b14: ;   {metadata({method} {0x0000000800316768} 'isMetaName' '([BII)Z' in 'java/util/zip/ZipFile$Source')}
  0x0000147ee8616b14: 00c3 49ba | 6867 3100 | 0800 0000 | 4c89 5424 | 0848 c704 | 24ff ffff 

  0x0000147ee8616b2c: ;   {runtime_call counter_overflow Runtime1 stub}
  0x0000147ee8616b2c: ffe8 ced2 

  0x0000147ee8616b30: ; ImmutableOopMap {rsi=Oop }
                      ;*synchronization entry
                      ; - java.util.zip.ZipFile$Source::isMetaName@-1 (line 1690)
  0x0000147ee8616b30: 6407 e94c 

  0x0000147ee8616b34: ;   {runtime_call throw_null_pointer_exception Runtime1 stub}
  0x0000147ee8616b34: fcff ffe8 

  0x0000147ee8616b38: ; ImmutableOopMap {rsi=Oop }
                      ;*baload {reexecute=0 rethrow=0 return_oop=0}
                      ; - java.util.zip.ZipFile$Source::isMetaName@12 (line 1690)
  0x0000147ee8616b38: 4485 5b07 

  0x0000147ee8616b3c: ;   {runtime_call throw_null_pointer_exception Runtime1 stub}
  0x0000147ee8616b3c: e83f 855b 

  0x0000147ee8616b40: ; ImmutableOopMap {rsi=Oop }
                      ;*baload {reexecute=0 rethrow=0 return_oop=0}
                      ; - java.util.zip.ZipFile$Source::isMetaName@12 (line 1690)
  0x0000147ee8616b40: 0748 890c | 2448 8974 

  0x0000147ee8616b48: ;   {runtime_call throw_range_check_failed Runtime1 stub}
  0x0000147ee8616b48: 2408 e831 

  0x0000147ee8616b4c: ; ImmutableOopMap {rsi=Oop }
                      ;*baload {reexecute=0 rethrow=0 return_oop=0}
                      ; - java.util.zip.ZipFile$Source::isMetaName@12 (line 1690)
  0x0000147ee8616b4c: 8e5b 0748 | 8914 2448 | 8974 2408 

  0x0000147ee8616b58: ;   {runtime_call throw_range_check_failed Runtime1 stub}
  0x0000147ee8616b58: e823 8e5b 

  0x0000147ee8616b5c: ; ImmutableOopMap {rsi=Oop }
                      ;*baload {reexecute=0 rethrow=0 return_oop=0}
                      ; - java.util.zip.ZipFile$Source::isMetaName@23 (line 1690)
  0x0000147ee8616b5c: 0748 8904 | 2448 8974 

  0x0000147ee8616b64: ;   {runtime_call throw_range_check_failed Runtime1 stub}
  0x0000147ee8616b64: 2408 e815 

  0x0000147ee8616b68: ; ImmutableOopMap {rsi=Oop }
                      ;*baload {reexecute=0 rethrow=0 return_oop=0}
                      ; - java.util.zip.ZipFile$Source::isMetaName@37 (line 1690)
  0x0000147ee8616b68: 8e5b 0748 | 893c 2448 | 8974 2408 

  0x0000147ee8616b74: ;   {runtime_call throw_range_check_failed Runtime1 stub}
  0x0000147ee8616b74: e807 8e5b 

  0x0000147ee8616b78: ; ImmutableOopMap {rsi=Oop }
                      ;*baload {reexecute=0 rethrow=0 return_oop=0}
                      ; - java.util.zip.ZipFile$Source::isMetaName@51 (line 1690)
  0x0000147ee8616b78: 0748 8904 | 2448 8974 

  0x0000147ee8616b80: ;   {runtime_call throw_range_check_failed Runtime1 stub}
  0x0000147ee8616b80: 2408 e8f9 

  0x0000147ee8616b84: ; ImmutableOopMap {rsi=Oop }
                      ;*baload {reexecute=0 rethrow=0 return_oop=0}
                      ; - java.util.zip.ZipFile$Source::isMetaName@65 (line 1690)
  0x0000147ee8616b84: 8d5b 0748 | 893c 2448 | 8974 2408 

  0x0000147ee8616b90: ;   {runtime_call throw_range_check_failed Runtime1 stub}
  0x0000147ee8616b90: e8eb 8d5b 

  0x0000147ee8616b94: ; ImmutableOopMap {rsi=Oop }
                      ;*baload {reexecute=0 rethrow=0 return_oop=0}
                      ; - java.util.zip.ZipFile$Source::isMetaName@79 (line 1690)
  0x0000147ee8616b94: 0748 8904 | 2448 8974 

  0x0000147ee8616b9c: ;   {runtime_call throw_range_check_failed Runtime1 stub}
  0x0000147ee8616b9c: 2408 e8dd 

  0x0000147ee8616ba0: ; ImmutableOopMap {rsi=Oop }
                      ;*baload {reexecute=0 rethrow=0 return_oop=0}
                      ; - java.util.zip.ZipFile$Source::isMetaName@90 (line 1690)
  0x0000147ee8616ba0: 8d5b 0748 | 893c 2448 | 8974 2408 

  0x0000147ee8616bac: ;   {runtime_call throw_range_check_failed Runtime1 stub}
  0x0000147ee8616bac: e8cf 8d5b 

  0x0000147ee8616bb0: ; ImmutableOopMap {rsi=Oop }
                      ;*baload {reexecute=0 rethrow=0 return_oop=0}
                      ; - java.util.zip.ZipFile$Source::isMetaName@104 (line 1690)
  0x0000147ee8616bb0: 0748 8904 | 2448 8974 

  0x0000147ee8616bb8: ;   {runtime_call throw_range_check_failed Runtime1 stub}
  0x0000147ee8616bb8: 2408 e8c1 

  0x0000147ee8616bbc: ; ImmutableOopMap {rsi=Oop }
                      ;*baload {reexecute=0 rethrow=0 return_oop=0}
                      ; - java.util.zip.ZipFile$Source::isMetaName@118 (line 1690)
  0x0000147ee8616bbc: 8d5b 0748 | 893c 2448 | 8974 2408 

  0x0000147ee8616bc8: ;   {runtime_call throw_range_check_failed Runtime1 stub}
  0x0000147ee8616bc8: e8b3 8d5b 

  0x0000147ee8616bcc: ; ImmutableOopMap {rsi=Oop }
                      ;*baload {reexecute=0 rethrow=0 return_oop=0}
                      ; - java.util.zip.ZipFile$Source::isMetaName@129 (line 1690)
                      ;   {internal_word}
  0x0000147ee8616bcc: 0749 ba08 | 6b61 e87e | 1400 004d | 8997 9003 

  0x0000147ee8616bdc: ;   {runtime_call SafepointBlob}
  0x0000147ee8616bdc: 0000 e99d | b658 0749 | 8b87 2804 | 0000 49c7 | 8728 0400 | 0000 0000 | 0049 c787 | 3004 0000 
  0x0000147ee8616bfc: 0000 0000 | 4883 c430 

  0x0000147ee8616c04: ;   {runtime_call unwind_exception Runtime1 stub}
  0x0000147ee8616c04: 5de9 7693 | 5b07 f4f4 | f4f4 f4f4 
[Exception Handler]
  0x0000147ee8616c10: ;   {no_reloc}
  0x0000147ee8616c10: e8eb a55b 

  0x0000147ee8616c14: ;   {external_word}
  0x0000147ee8616c14: 0748 bf90 | d29f 057f | 1400 0048 

  0x0000147ee8616c20: ;   {runtime_call MacroAssembler::debug64(char*, long, long*)}
  0x0000147ee8616c20: 83e4 f0e8 | 687a ff1c 

  0x0000147ee8616c28: ;   {section_word}
  0x0000147ee8616c28: f449 ba29 | 6c61 e87e | 1400 0041 

  0x0000147ee8616c34: ;   {runtime_call DeoptimizationBlob}
  0x0000147ee8616c34: 52e9 e6a8 | 5807 f4f4 | f4f4 f4f4 
[/MachCode]


---------------  P R O C E S S  ---------------

Threads class SMR info:
_java_thread_list=0x0000147f0016e6f0, length=10, elements={
0x0000147f0002b470, 0x0000147f0011d1c0, 0x0000147f0011e700, 0x0000147f001200d0,
0x0000147f00121570, 0x0000147f00122a00, 0x0000147f00124430, 0x0000147f001259e0,
0x0000147f0016b180, 0x0000147f0016d6a0
}

Java Threads: ( => current thread )
=>0x0000147f0002b470 JavaThread "main" [_thread_in_Java, id=2724788, stack(0x0000147f048ab000,0x0000147f049ab000)]
  0x0000147f0011d1c0 JavaThread "Reference Handler" daemon [_thread_blocked, id=2724795, stack(0x0000147ebd452000,0x0000147ebd552000)]
  0x0000147f0011e700 JavaThread "Finalizer" daemon [_thread_blocked, id=2724796, stack(0x0000147ebd352000,0x0000147ebd452000)]
  0x0000147f001200d0 JavaThread "Signal Dispatcher" daemon [_thread_blocked, id=2724797, stack(0x0000147ebd252000,0x0000147ebd352000)]
  0x0000147f00121570 JavaThread "Service Thread" daemon [_thread_blocked, id=2724798, stack(0x0000147ebd152000,0x0000147ebd252000)]
  0x0000147f00122a00 JavaThread "Monitor Deflation Thread" daemon [_thread_blocked, id=2724799, stack(0x0000147ebd052000,0x0000147ebd152000)]
  0x0000147f00124430 JavaThread "C2 CompilerThread0" daemon [_thread_blocked, id=2724800, stack(0x0000147ebcf52000,0x0000147ebd052000)]
  0x0000147f001259e0 JavaThread "C1 CompilerThread0" daemon [_thread_blocked, id=2724801, stack(0x0000147ebce52000,0x0000147ebcf52000)]
  0x0000147f0016b180 JavaThread "Common-Cleaner" daemon [_thread_blocked, id=2724802, stack(0x0000147ebcd52000,0x0000147ebce52000)]
  0x0000147f0016d6a0 JavaThread "Notification Thread" daemon [_thread_blocked, id=2724803, stack(0x0000147ebcc52000,0x0000147ebcd52000)]

Other Threads:
  0x0000147f0010dc40 VMThread "VM Thread" [stack: 0x0000147ebd5a9000,0x0000147ebd6a9000] [id=2724794]
  0x0000147f0016f400 WatcherThread "VM Periodic Task Thread" [stack: 0x0000147ebcb52000,0x0000147ebcc52000] [id=2724804]
  0x0000147f0005e0f0 WorkerThread "GC Thread#0" [stack: 0x0000147f04230000,0x0000147f04330000] [id=2724789]
  0x0000147f0006e2b0 ConcurrentGCThread "G1 Main Marker" [stack: 0x0000147f0412e000,0x0000147f0422e000] [id=2724790]
  0x0000147f0006f1e0 WorkerThread "G1 Conc#0" [stack: 0x0000147f0402c000,0x0000147f0412c000] [id=2724791]
  0x0000147f000e41d0 ConcurrentGCThread "G1 Refine#0" [stack: 0x0000147ebd8fe000,0x0000147ebd9fe000] [id=2724792]
  0x0000147f000e5120 ConcurrentGCThread "G1 Service" [stack: 0x0000147ebd7fc000,0x0000147ebd8fc000] [id=2724793]

Threads with active compile tasks:

VM state: not at safepoint (normal execution)

VM Mutex/Monitor currently owned by a thread: None

Heap address: 0x00000000a0000000, size: 30208 MB, Compressed Oops mode: Zero based, Oop shift amount: 3

CDS archive(s) mapped at: [0x0000000800000000-0x0000000800c75000-0x0000000800c75000), size 13062144, SharedBaseAddress: 0x0000000800000000, ArchiveRelocationMode: 0.
Compressed class space mapped at: 0x0000000801000000-0x0000000841000000, reserved size: 1073741824
Narrow klass base: 0x0000000800000000, Narrow klass shift: 0, Narrow klass range: 0x100000000

GC Precious Log:
 CardTable entry size: 512
 Card Set container configuration: InlinePtr #cards 3 size 8 Array Of Cards #cards 128 size 272 Howl #buckets 8 coarsen threshold 29491 Howl Bitmap #cards 4096 size 528 coarsen threshold 3686 Card regions per heap region 1 cards per card region 32768
 CPUs: 28 total, 2 available
 Memory: 251G
 Large Page Support: Disabled
 NUMA Support: Disabled
 Compressed Oops: Enabled (Zero based)
 Heap Region Size: 16M
 Heap Min Capacity: 16M
 Heap Initial Capacity: 2G
 Heap Max Capacity: 30208M
 Pre-touch: Disabled
 Parallel Workers: 2
 Concurrent Workers: 1
 Concurrent Refinement Workers: 2
 Periodic GC: Disabled

Heap:
 garbage-first heap   total 2129920K, used 16364K [0x00000000a0000000, 0x0000000800000000)
  region size 16384K, 1 young (16384K), 0 survivors (0K)
 Metaspace       used 188K, committed 384K, reserved 1114112K
  class space    used 9K, committed 128K, reserved 1048576K

Heap Regions: E=young(eden), S=young(survivor), O=old, HS=humongous(starts), HC=humongous(continues), CS=collection set, F=free, OA=open archive, CA=closed archive, TAMS=top-at-mark-start, PB=parsable bottom
|   0|0x00000000a0000000, 0x00000000a0000000, 0x00000000a1000000|  0%| F|  |TAMS 0x00000000a0000000| PB 0x00000000a0000000| Untracked 
|   1|0x00000000a1000000, 0x00000000a1000000, 0x00000000a2000000|  0%| F|  |TAMS 0x00000000a1000000| PB 0x00000000a1000000| Untracked 
|   2|0x00000000a2000000, 0x00000000a2000000, 0x00000000a3000000|  0%| F|  |TAMS 0x00000000a2000000| PB 0x00000000a2000000| Untracked 
|   3|0x00000000a3000000, 0x00000000a3000000, 0x00000000a4000000|  0%| F|  |TAMS 0x00000000a3000000| PB 0x00000000a3000000| Untracked 
|   4|0x00000000a4000000, 0x00000000a4000000, 0x00000000a5000000|  0%| F|  |TAMS 0x00000000a4000000| PB 0x00000000a4000000| Untracked 
|   5|0x00000000a5000000, 0x00000000a5000000, 0x00000000a6000000|  0%| F|  |TAMS 0x00000000a5000000| PB 0x00000000a5000000| Untracked 
|   6|0x00000000a6000000, 0x00000000a6000000, 0x00000000a7000000|  0%| F|  |TAMS 0x00000000a6000000| PB 0x00000000a6000000| Untracked 
|   7|0x00000000a7000000, 0x00000000a7000000, 0x00000000a8000000|  0%| F|  |TAMS 0x00000000a7000000| PB 0x00000000a7000000| Untracked 
|   8|0x00000000a8000000, 0x00000000a8000000, 0x00000000a9000000|  0%| F|  |TAMS 0x00000000a8000000| PB 0x00000000a8000000| Untracked 
|   9|0x00000000a9000000, 0x00000000a9000000, 0x00000000aa000000|  0%| F|  |TAMS 0x00000000a9000000| PB 0x00000000a9000000| Untracked 
|  10|0x00000000aa000000, 0x00000000aa000000, 0x00000000ab000000|  0%| F|  |TAMS 0x00000000aa000000| PB 0x00000000aa000000| Untracked 
|  11|0x00000000ab000000, 0x00000000ab000000, 0x00000000ac000000|  0%| F|  |TAMS 0x00000000ab000000| PB 0x00000000ab000000| Untracked 
|  12|0x00000000ac000000, 0x00000000ac000000, 0x00000000ad000000|  0%| F|  |TAMS 0x00000000ac000000| PB 0x00000000ac000000| Untracked 
|  13|0x00000000ad000000, 0x00000000ad000000, 0x00000000ae000000|  0%| F|  |TAMS 0x00000000ad000000| PB 0x00000000ad000000| Untracked 
|  14|0x00000000ae000000, 0x00000000ae000000, 0x00000000af000000|  0%| F|  |TAMS 0x00000000ae000000| PB 0x00000000ae000000| Untracked 
|  15|0x00000000af000000, 0x00000000af000000, 0x00000000b0000000|  0%| F|  |TAMS 0x00000000af000000| PB 0x00000000af000000| Untracked 
|  16|0x00000000b0000000, 0x00000000b0000000, 0x00000000b1000000|  0%| F|  |TAMS 0x00000000b0000000| PB 0x00000000b0000000| Untracked 
|  17|0x00000000b1000000, 0x00000000b1000000, 0x00000000b2000000|  0%| F|  |TAMS 0x00000000b1000000| PB 0x00000000b1000000| Untracked 
|  18|0x00000000b2000000, 0x00000000b2000000, 0x00000000b3000000|  0%| F|  |TAMS 0x00000000b2000000| PB 0x00000000b2000000| Untracked 
|  19|0x00000000b3000000, 0x00000000b3000000, 0x00000000b4000000|  0%| F|  |TAMS 0x00000000b3000000| PB 0x00000000b3000000| Untracked 
|  20|0x00000000b4000000, 0x00000000b4000000, 0x00000000b5000000|  0%| F|  |TAMS 0x00000000b4000000| PB 0x00000000b4000000| Untracked 
|  21|0x00000000b5000000, 0x00000000b5000000, 0x00000000b6000000|  0%| F|  |TAMS 0x00000000b5000000| PB 0x00000000b5000000| Untracked 
|  22|0x00000000b6000000, 0x00000000b6000000, 0x00000000b7000000|  0%| F|  |TAMS 0x00000000b6000000| PB 0x00000000b6000000| Untracked 
|  23|0x00000000b7000000, 0x00000000b7000000, 0x00000000b8000000|  0%| F|  |TAMS 0x00000000b7000000| PB 0x00000000b7000000| Untracked 
|  24|0x00000000b8000000, 0x00000000b8000000, 0x00000000b9000000|  0%| F|  |TAMS 0x00000000b8000000| PB 0x00000000b8000000| Untracked 
|  25|0x00000000b9000000, 0x00000000b9000000, 0x00000000ba000000|  0%| F|  |TAMS 0x00000000b9000000| PB 0x00000000b9000000| Untracked 
|  26|0x00000000ba000000, 0x00000000ba000000, 0x00000000bb000000|  0%| F|  |TAMS 0x00000000ba000000| PB 0x00000000ba000000| Untracked 
|  27|0x00000000bb000000, 0x00000000bb000000, 0x00000000bc000000|  0%| F|  |TAMS 0x00000000bb000000| PB 0x00000000bb000000| Untracked 
|  28|0x00000000bc000000, 0x00000000bc000000, 0x00000000bd000000|  0%| F|  |TAMS 0x00000000bc000000| PB 0x00000000bc000000| Untracked 
|  29|0x00000000bd000000, 0x00000000bd000000, 0x00000000be000000|  0%| F|  |TAMS 0x00000000bd000000| PB 0x00000000bd000000| Untracked 
|  30|0x00000000be000000, 0x00000000be000000, 0x00000000bf000000|  0%| F|  |TAMS 0x00000000be000000| PB 0x00000000be000000| Untracked 
|  31|0x00000000bf000000, 0x00000000bf000000, 0x00000000c0000000|  0%| F|  |TAMS 0x00000000bf000000| PB 0x00000000bf000000| Untracked 
|  32|0x00000000c0000000, 0x00000000c0000000, 0x00000000c1000000|  0%| F|  |TAMS 0x00000000c0000000| PB 0x00000000c0000000| Untracked 
|  33|0x00000000c1000000, 0x00000000c1000000, 0x00000000c2000000|  0%| F|  |TAMS 0x00000000c1000000| PB 0x00000000c1000000| Untracked 
|  34|0x00000000c2000000, 0x00000000c2000000, 0x00000000c3000000|  0%| F|  |TAMS 0x00000000c2000000| PB 0x00000000c2000000| Untracked 
|  35|0x00000000c3000000, 0x00000000c3000000, 0x00000000c4000000|  0%| F|  |TAMS 0x00000000c3000000| PB 0x00000000c3000000| Untracked 
|  36|0x00000000c4000000, 0x00000000c4000000, 0x00000000c5000000|  0%| F|  |TAMS 0x00000000c4000000| PB 0x00000000c4000000| Untracked 
|  37|0x00000000c5000000, 0x00000000c5000000, 0x00000000c6000000|  0%| F|  |TAMS 0x00000000c5000000| PB 0x00000000c5000000| Untracked 
|  38|0x00000000c6000000, 0x00000000c6000000, 0x00000000c7000000|  0%| F|  |TAMS 0x00000000c6000000| PB 0x00000000c6000000| Untracked 
|  39|0x00000000c7000000, 0x00000000c7000000, 0x00000000c8000000|  0%| F|  |TAMS 0x00000000c7000000| PB 0x00000000c7000000| Untracked 
|  40|0x00000000c8000000, 0x00000000c8000000, 0x00000000c9000000|  0%| F|  |TAMS 0x00000000c8000000| PB 0x00000000c8000000| Untracked 
|  41|0x00000000c9000000, 0x00000000c9000000, 0x00000000ca000000|  0%| F|  |TAMS 0x00000000c9000000| PB 0x00000000c9000000| Untracked 
|  42|0x00000000ca000000, 0x00000000ca000000, 0x00000000cb000000|  0%| F|  |TAMS 0x00000000ca000000| PB 0x00000000ca000000| Untracked 
|  43|0x00000000cb000000, 0x00000000cb000000, 0x00000000cc000000|  0%| F|  |TAMS 0x00000000cb000000| PB 0x00000000cb000000| Untracked 
|  44|0x00000000cc000000, 0x00000000cc000000, 0x00000000cd000000|  0%| F|  |TAMS 0x00000000cc000000| PB 0x00000000cc000000| Untracked 
|  45|0x00000000cd000000, 0x00000000cd000000, 0x00000000ce000000|  0%| F|  |TAMS 0x00000000cd000000| PB 0x00000000cd000000| Untracked 
|  46|0x00000000ce000000, 0x00000000ce000000, 0x00000000cf000000|  0%| F|  |TAMS 0x00000000ce000000| PB 0x00000000ce000000| Untracked 
|  47|0x00000000cf000000, 0x00000000cf000000, 0x00000000d0000000|  0%| F|  |TAMS 0x00000000cf000000| PB 0x00000000cf000000| Untracked 
|  48|0x00000000d0000000, 0x00000000d0000000, 0x00000000d1000000|  0%| F|  |TAMS 0x00000000d0000000| PB 0x00000000d0000000| Untracked 
|  49|0x00000000d1000000, 0x00000000d1000000, 0x00000000d2000000|  0%| F|  |TAMS 0x00000000d1000000| PB 0x00000000d1000000| Untracked 
|  50|0x00000000d2000000, 0x00000000d2000000, 0x00000000d3000000|  0%| F|  |TAMS 0x00000000d2000000| PB 0x00000000d2000000| Untracked 
|  51|0x00000000d3000000, 0x00000000d3000000, 0x00000000d4000000|  0%| F|  |TAMS 0x00000000d3000000| PB 0x00000000d3000000| Untracked 
|  52|0x00000000d4000000, 0x00000000d4000000, 0x00000000d5000000|  0%| F|  |TAMS 0x00000000d4000000| PB 0x00000000d4000000| Untracked 
|  53|0x00000000d5000000, 0x00000000d5000000, 0x00000000d6000000|  0%| F|  |TAMS 0x00000000d5000000| PB 0x00000000d5000000| Untracked 
|  54|0x00000000d6000000, 0x00000000d6000000, 0x00000000d7000000|  0%| F|  |TAMS 0x00000000d6000000| PB 0x00000000d6000000| Untracked 
|  55|0x00000000d7000000, 0x00000000d7000000, 0x00000000d8000000|  0%| F|  |TAMS 0x00000000d7000000| PB 0x00000000d7000000| Untracked 
|  56|0x00000000d8000000, 0x00000000d8000000, 0x00000000d9000000|  0%| F|  |TAMS 0x00000000d8000000| PB 0x00000000d8000000| Untracked 
|  57|0x00000000d9000000, 0x00000000d9000000, 0x00000000da000000|  0%| F|  |TAMS 0x00000000d9000000| PB 0x00000000d9000000| Untracked 
|  58|0x00000000da000000, 0x00000000da000000, 0x00000000db000000|  0%| F|  |TAMS 0x00000000da000000| PB 0x00000000da000000| Untracked 
|  59|0x00000000db000000, 0x00000000db000000, 0x00000000dc000000|  0%| F|  |TAMS 0x00000000db000000| PB 0x00000000db000000| Untracked 
|  60|0x00000000dc000000, 0x00000000dc000000, 0x00000000dd000000|  0%| F|  |TAMS 0x00000000dc000000| PB 0x00000000dc000000| Untracked 
|  61|0x00000000dd000000, 0x00000000dd000000, 0x00000000de000000|  0%| F|  |TAMS 0x00000000dd000000| PB 0x00000000dd000000| Untracked 
|  62|0x00000000de000000, 0x00000000de000000, 0x00000000df000000|  0%| F|  |TAMS 0x00000000de000000| PB 0x00000000de000000| Untracked 
|  63|0x00000000df000000, 0x00000000df000000, 0x00000000e0000000|  0%| F|  |TAMS 0x00000000df000000| PB 0x00000000df000000| Untracked 
|  64|0x00000000e0000000, 0x00000000e0000000, 0x00000000e1000000|  0%| F|  |TAMS 0x00000000e0000000| PB 0x00000000e0000000| Untracked 
|  65|0x00000000e1000000, 0x00000000e1000000, 0x00000000e2000000|  0%| F|  |TAMS 0x00000000e1000000| PB 0x00000000e1000000| Untracked 
|  66|0x00000000e2000000, 0x00000000e2000000, 0x00000000e3000000|  0%| F|  |TAMS 0x00000000e2000000| PB 0x00000000e2000000| Untracked 
|  67|0x00000000e3000000, 0x00000000e3000000, 0x00000000e4000000|  0%| F|  |TAMS 0x00000000e3000000| PB 0x00000000e3000000| Untracked 
|  68|0x00000000e4000000, 0x00000000e4000000, 0x00000000e5000000|  0%| F|  |TAMS 0x00000000e4000000| PB 0x00000000e4000000| Untracked 
|  69|0x00000000e5000000, 0x00000000e5000000, 0x00000000e6000000|  0%| F|  |TAMS 0x00000000e5000000| PB 0x00000000e5000000| Untracked 
|  70|0x00000000e6000000, 0x00000000e6000000, 0x00000000e7000000|  0%| F|  |TAMS 0x00000000e6000000| PB 0x00000000e6000000| Untracked 
|  71|0x00000000e7000000, 0x00000000e7000000, 0x00000000e8000000|  0%| F|  |TAMS 0x00000000e7000000| PB 0x00000000e7000000| Untracked 
|  72|0x00000000e8000000, 0x00000000e8000000, 0x00000000e9000000|  0%| F|  |TAMS 0x00000000e8000000| PB 0x00000000e8000000| Untracked 
|  73|0x00000000e9000000, 0x00000000e9000000, 0x00000000ea000000|  0%| F|  |TAMS 0x00000000e9000000| PB 0x00000000e9000000| Untracked 
|  74|0x00000000ea000000, 0x00000000ea000000, 0x00000000eb000000|  0%| F|  |TAMS 0x00000000ea000000| PB 0x00000000ea000000| Untracked 
|  75|0x00000000eb000000, 0x00000000eb000000, 0x00000000ec000000|  0%| F|  |TAMS 0x00000000eb000000| PB 0x00000000eb000000| Untracked 
|  76|0x00000000ec000000, 0x00000000ec000000, 0x00000000ed000000|  0%| F|  |TAMS 0x00000000ec000000| PB 0x00000000ec000000| Untracked 
|  77|0x00000000ed000000, 0x00000000ed000000, 0x00000000ee000000|  0%| F|  |TAMS 0x00000000ed000000| PB 0x00000000ed000000| Untracked 
|  78|0x00000000ee000000, 0x00000000ee000000, 0x00000000ef000000|  0%| F|  |TAMS 0x00000000ee000000| PB 0x00000000ee000000| Untracked 
|  79|0x00000000ef000000, 0x00000000ef000000, 0x00000000f0000000|  0%| F|  |TAMS 0x00000000ef000000| PB 0x00000000ef000000| Untracked 
|  80|0x00000000f0000000, 0x00000000f0000000, 0x00000000f1000000|  0%| F|  |TAMS 0x00000000f0000000| PB 0x00000000f0000000| Untracked 
|  81|0x00000000f1000000, 0x00000000f1000000, 0x00000000f2000000|  0%| F|  |TAMS 0x00000000f1000000| PB 0x00000000f1000000| Untracked 
|  82|0x00000000f2000000, 0x00000000f2000000, 0x00000000f3000000|  0%| F|  |TAMS 0x00000000f2000000| PB 0x00000000f2000000| Untracked 
|  83|0x00000000f3000000, 0x00000000f3000000, 0x00000000f4000000|  0%| F|  |TAMS 0x00000000f3000000| PB 0x00000000f3000000| Untracked 
|  84|0x00000000f4000000, 0x00000000f4000000, 0x00000000f5000000|  0%| F|  |TAMS 0x00000000f4000000| PB 0x00000000f4000000| Untracked 
|  85|0x00000000f5000000, 0x00000000f5000000, 0x00000000f6000000|  0%| F|  |TAMS 0x00000000f5000000| PB 0x00000000f5000000| Untracked 
|  86|0x00000000f6000000, 0x00000000f6000000, 0x00000000f7000000|  0%| F|  |TAMS 0x00000000f6000000| PB 0x00000000f6000000| Untracked 
|  87|0x00000000f7000000, 0x00000000f7000000, 0x00000000f8000000|  0%| F|  |TAMS 0x00000000f7000000| PB 0x00000000f7000000| Untracked 
|  88|0x00000000f8000000, 0x00000000f8000000, 0x00000000f9000000|  0%| F|  |TAMS 0x00000000f8000000| PB 0x00000000f8000000| Untracked 
|  89|0x00000000f9000000, 0x00000000f9000000, 0x00000000fa000000|  0%| F|  |TAMS 0x00000000f9000000| PB 0x00000000f9000000| Untracked 
|  90|0x00000000fa000000, 0x00000000fa000000, 0x00000000fb000000|  0%| F|  |TAMS 0x00000000fa000000| PB 0x00000000fa000000| Untracked 
|  91|0x00000000fb000000, 0x00000000fb000000, 0x00000000fc000000|  0%| F|  |TAMS 0x00000000fb000000| PB 0x00000000fb000000| Untracked 
|  92|0x00000000fc000000, 0x00000000fc000000, 0x00000000fd000000|  0%| F|  |TAMS 0x00000000fc000000| PB 0x00000000fc000000| Untracked 
|  93|0x00000000fd000000, 0x00000000fd000000, 0x00000000fe000000|  0%| F|  |TAMS 0x00000000fd000000| PB 0x00000000fd000000| Untracked 
|  94|0x00000000fe000000, 0x00000000fe000000, 0x00000000ff000000|  0%| F|  |TAMS 0x00000000fe000000| PB 0x00000000fe000000| Untracked 
|  95|0x00000000ff000000, 0x00000000ff000000, 0x0000000100000000|  0%| F|  |TAMS 0x00000000ff000000| PB 0x00000000ff000000| Untracked 
|  96|0x0000000100000000, 0x0000000100000000, 0x0000000101000000|  0%| F|  |TAMS 0x0000000100000000| PB 0x0000000100000000| Untracked 
|  97|0x0000000101000000, 0x0000000101000000, 0x0000000102000000|  0%| F|  |TAMS 0x0000000101000000| PB 0x0000000101000000| Untracked 
|  98|0x0000000102000000, 0x0000000102000000, 0x0000000103000000|  0%| F|  |TAMS 0x0000000102000000| PB 0x0000000102000000| Untracked 
|  99|0x0000000103000000, 0x0000000103000000, 0x0000000104000000|  0%| F|  |TAMS 0x0000000103000000| PB 0x0000000103000000| Untracked 
| 100|0x0000000104000000, 0x0000000104000000, 0x0000000105000000|  0%| F|  |TAMS 0x0000000104000000| PB 0x0000000104000000| Untracked 
| 101|0x0000000105000000, 0x0000000105000000, 0x0000000106000000|  0%| F|  |TAMS 0x0000000105000000| PB 0x0000000105000000| Untracked 
| 102|0x0000000106000000, 0x0000000106000000, 0x0000000107000000|  0%| F|  |TAMS 0x0000000106000000| PB 0x0000000106000000| Untracked 
| 103|0x0000000107000000, 0x0000000107000000, 0x0000000108000000|  0%| F|  |TAMS 0x0000000107000000| PB 0x0000000107000000| Untracked 
| 104|0x0000000108000000, 0x0000000108000000, 0x0000000109000000|  0%| F|  |TAMS 0x0000000108000000| PB 0x0000000108000000| Untracked 
| 105|0x0000000109000000, 0x0000000109000000, 0x000000010a000000|  0%| F|  |TAMS 0x0000000109000000| PB 0x0000000109000000| Untracked 
| 106|0x000000010a000000, 0x000000010a000000, 0x000000010b000000|  0%| F|  |TAMS 0x000000010a000000| PB 0x000000010a000000| Untracked 
| 107|0x000000010b000000, 0x000000010b000000, 0x000000010c000000|  0%| F|  |TAMS 0x000000010b000000| PB 0x000000010b000000| Untracked 
| 108|0x000000010c000000, 0x000000010c000000, 0x000000010d000000|  0%| F|  |TAMS 0x000000010c000000| PB 0x000000010c000000| Untracked 
| 109|0x000000010d000000, 0x000000010d000000, 0x000000010e000000|  0%| F|  |TAMS 0x000000010d000000| PB 0x000000010d000000| Untracked 
| 110|0x000000010e000000, 0x000000010e000000, 0x000000010f000000|  0%| F|  |TAMS 0x000000010e000000| PB 0x000000010e000000| Untracked 
| 111|0x000000010f000000, 0x000000010f000000, 0x0000000110000000|  0%| F|  |TAMS 0x000000010f000000| PB 0x000000010f000000| Untracked 
| 112|0x0000000110000000, 0x0000000110000000, 0x0000000111000000|  0%| F|  |TAMS 0x0000000110000000| PB 0x0000000110000000| Untracked 
| 113|0x0000000111000000, 0x0000000111000000, 0x0000000112000000|  0%| F|  |TAMS 0x0000000111000000| PB 0x0000000111000000| Untracked 
| 114|0x0000000112000000, 0x0000000112000000, 0x0000000113000000|  0%| F|  |TAMS 0x0000000112000000| PB 0x0000000112000000| Untracked 
| 115|0x0000000113000000, 0x0000000113000000, 0x0000000114000000|  0%| F|  |TAMS 0x0000000113000000| PB 0x0000000113000000| Untracked 
| 116|0x0000000114000000, 0x0000000114000000, 0x0000000115000000|  0%| F|  |TAMS 0x0000000114000000| PB 0x0000000114000000| Untracked 
| 117|0x0000000115000000, 0x0000000115000000, 0x0000000116000000|  0%| F|  |TAMS 0x0000000115000000| PB 0x0000000115000000| Untracked 
| 118|0x0000000116000000, 0x0000000116000000, 0x0000000117000000|  0%| F|  |TAMS 0x0000000116000000| PB 0x0000000116000000| Untracked 
| 119|0x0000000117000000, 0x0000000117000000, 0x0000000118000000|  0%| F|  |TAMS 0x0000000117000000| PB 0x0000000117000000| Untracked 
| 120|0x0000000118000000, 0x0000000118000000, 0x0000000119000000|  0%| F|  |TAMS 0x0000000118000000| PB 0x0000000118000000| Untracked 
| 121|0x0000000119000000, 0x0000000119000000, 0x000000011a000000|  0%| F|  |TAMS 0x0000000119000000| PB 0x0000000119000000| Untracked 
| 122|0x000000011a000000, 0x000000011a000000, 0x000000011b000000|  0%| F|  |TAMS 0x000000011a000000| PB 0x000000011a000000| Untracked 
| 123|0x000000011b000000, 0x000000011b000000, 0x000000011c000000|  0%| F|  |TAMS 0x000000011b000000| PB 0x000000011b000000| Untracked 
| 124|0x000000011c000000, 0x000000011c000000, 0x000000011d000000|  0%| F|  |TAMS 0x000000011c000000| PB 0x000000011c000000| Untracked 
| 125|0x000000011d000000, 0x000000011d000000, 0x000000011e000000|  0%| F|  |TAMS 0x000000011d000000| PB 0x000000011d000000| Untracked 
| 126|0x000000011e000000, 0x000000011e000000, 0x000000011f000000|  0%| F|  |TAMS 0x000000011e000000| PB 0x000000011e000000| Untracked 
| 127|0x000000011f000000, 0x000000011f9ee7c0, 0x0000000120000000| 62%| E|  |TAMS 0x000000011f000000| PB 0x000000011f000000| Complete 
|1886|0x00000007fe000000, 0x00000007fef79000, 0x00000007ff000000| 96%|OA|  |TAMS 0x00000007fe000000| PB 0x00000007fe000000| Untracked 
|1887|0x00000007ff000000, 0x00000007ff082000, 0x0000000800000000|  3%|CA|  |TAMS 0x00000007ff000000| PB 0x00000007ff000000| Untracked 

Card table byte_map: [0x0000147ee1000000,0x0000147ee4b00000] _byte_map_base: 0x0000147ee0b00000

Marking Bits: (CMBitMap*) 0x0000147f0005eb90
 Bits: [0x0000147ebfc00000, 0x0000147edd400000)

Polling page: 0x0000147f060db000

Metaspace:

Usage:
  Non-class:    178.63 KB used.
      Class:      9.70 KB used.
       Both:    188.33 KB used.

Virtual space:
  Non-class space:       64.00 MB reserved,     256.00 KB ( <1%) committed,  1 nodes.
      Class space:        1.00 GB reserved,     128.00 KB ( <1%) committed,  1 nodes.
             Both:        1.06 GB reserved,     384.00 KB ( <1%) committed. 

Chunk freelists:
   Non-Class:  4.00 MB
       Class:  3.75 MB
        Both:  7.75 MB

MaxMetaspaceSize: unlimited
CompressedClassSpaceSize: 1.00 GB
Initial GC threshold: 21.00 MB
Current GC threshold: 21.00 MB
CDS: on
MetaspaceReclaimPolicy: balanced
 - commit_granule_bytes: 65536.
 - commit_granule_words: 8192.
 - virtual_space_node_default_size: 8388608.
 - enlarge_chunks_in_place: 1.
 - new_chunks_are_fully_committed: 0.
 - uncommit_free_chunks: 1.
 - use_allocation_guard: 0.


Internal statistics:

num_allocs_failed_limit: 0.
num_arena_births: 4.
num_arena_deaths: 0.
num_vsnodes_births: 2.
num_vsnodes_deaths: 0.
num_space_committed: 6.
num_space_uncommitted: 0.
num_chunks_returned_to_freelist: 0.
num_chunks_taken_from_freelist: 5.
num_chunk_merges: 0.
num_chunk_splits: 2.
num_chunks_enlarged: 1.
num_inconsistent_stats: 0.

CodeHeap 'non-profiled nmethods': size=120036Kb used=29Kb max_used=29Kb free=120006Kb
 bounds [0x0000147ef00c7000, 0x0000147ef0337000, 0x0000147ef7600000]
CodeHeap 'profiled nmethods': size=120032Kb used=94Kb max_used=94Kb free=119937Kb
 bounds [0x0000147ee8600000, 0x0000147ee8870000, 0x0000147eefb38000]
CodeHeap 'non-nmethods': size=5692Kb used=1302Kb max_used=1316Kb free=4389Kb
 bounds [0x0000147eefb38000, 0x0000147eefda8000, 0x0000147ef00c7000]
 total_blobs=458 nmethods=87 adapters=283
 compilation: enabled
              stopped_count=0, restarted_count=0
 full_count=0

Compilation events (20 events):
Event: 0.090 Thread 0x0000147f001259e0 nmethod 73 0x0000147ef00cd990 code [0x0000147ef00cdb00, 0x0000147ef00cdbc0]
Event: 0.090 Thread 0x0000147f001259e0   76       3       java.util.zip.ZipUtils::CENCOM (9 bytes)
Event: 0.091 Thread 0x0000147f001259e0 nmethod 76 0x0000147ee8611890 code [0x0000147ee8611a20, 0x0000147ee8611bc0]
Event: 0.091 Thread 0x0000147f001259e0   77       3       java.util.zip.ZipUtils::LG (22 bytes)
Event: 0.091 Thread 0x0000147f001259e0 nmethod 77 0x0000147ee8611d10 code [0x0000147ee8611ea0, 0x0000147ee8612108]
Event: 0.091 Thread 0x0000147f001259e0   78   !   3       java.util.zip.ZipFile$Source::checkAndAddEntry (249 bytes)
Event: 0.093 Thread 0x0000147f001259e0 nmethod 78 0x0000147ee8612290 code [0x0000147ee8612620, 0x0000147ee8613c60]
Event: 0.093 Thread 0x0000147f001259e0   79       3       java.util.zip.ZipUtils::CENSIG (8 bytes)
Event: 0.094 Thread 0x0000147f001259e0 nmethod 79 0x0000147ee8614a90 code [0x0000147ee8614c40, 0x0000147ee8614f08]
Event: 0.094 Thread 0x0000147f001259e0   82       3       java.util.zip.ZipUtils::CENNAM (9 bytes)
Event: 0.094 Thread 0x0000147f001259e0 nmethod 82 0x0000147ee8615090 code [0x0000147ee8615220, 0x0000147ee86153c0]
Event: 0.094 Thread 0x0000147f001259e0   83       3       java.util.zip.ZipFile$Source::zipCoderForPos (39 bytes)
Event: 0.094 Thread 0x0000147f001259e0 nmethod 83 0x0000147ee8615510 code [0x0000147ee86156e0, 0x0000147ee8615ad8]
Event: 0.094 Thread 0x0000147f001259e0   80       3       java.util.zip.ZipUtils::CENHOW (9 bytes)
Event: 0.094 Thread 0x0000147f001259e0 nmethod 80 0x0000147ee8615c90 code [0x0000147ee8615e20, 0x0000147ee8615fc0]
Event: 0.094 Thread 0x0000147f001259e0   81       3       java.util.zip.ZipUtils::CENFLG (9 bytes)
Event: 0.095 Thread 0x0000147f001259e0 nmethod 81 0x0000147ee8616110 code [0x0000147ee86162a0, 0x0000147ee8616440]
Event: 0.095 Thread 0x0000147f001259e0   84       3       java.util.zip.ZipFile$Source::isMetaName (141 bytes)
Event: 0.095 Thread 0x0000147f001259e0 nmethod 84 0x0000147ee8616590 code [0x0000147ee8616740, 0x0000147ee8616c40]
Event: 0.095 Thread 0x0000147f001259e0   85       3       java.util.zip.ZipFile$Source::nextEntryPos (22 bytes)

GC Heap History (0 events):
No events

Dll operation events (3 events):
Event: 0.004 Loaded shared library /opt/apps/oracle-java/20.0.1/lib/libjava.so
Event: 0.029 Loaded shared library /opt/apps/oracle-java/20.0.1/lib/libjsvml.so
Event: 0.083 Loaded shared library /opt/apps/oracle-java/20.0.1/lib/libnio.so

Deoptimization events (0 events):
No events

Classes loaded (8 events):
Event: 0.038 Loading class sun/nio/cs/UTF_8$Encoder
Event: 0.038 Loading class sun/nio/cs/UTF_8$Encoder done
Event: 0.075 Loading class java/lang/WeakPairMap$Pair$Weak
Event: 0.075 Loading class java/lang/WeakPairMap$WeakRefPeer
Event: 0.075 Loading class java/lang/WeakPairMap$WeakRefPeer done
Event: 0.075 Loading class java/lang/WeakPairMap$Pair$Weak done
Event: 0.075 Loading class java/lang/WeakPairMap$Pair$Weak$1
Event: 0.076 Loading class java/lang/WeakPairMap$Pair$Weak$1 done

Classes unloaded (0 events):
No events

Classes redefined (0 events):
No events

Internal exceptions (0 events):
No events

VM Operations (0 events):
No events

Events (20 events):
Event: 0.003 Protecting memory [0x0000147f048ab000,0x0000147f048af000] with protection modes 0
Event: 0.030 Thread 0x0000147f0002b470 Thread added: 0x0000147f0002b470
Event: 0.040 Thread 0x0000147f0011d1c0 Thread added: 0x0000147f0011d1c0
Event: 0.040 Protecting memory [0x0000147ebd452000,0x0000147ebd456000] with protection modes 0
Event: 0.041 Thread 0x0000147f0011e700 Thread added: 0x0000147f0011e700
Event: 0.041 Protecting memory [0x0000147ebd352000,0x0000147ebd356000] with protection modes 0
Event: 0.041 Thread 0x0000147f001200d0 Thread added: 0x0000147f001200d0
Event: 0.041 Protecting memory [0x0000147ebd252000,0x0000147ebd256000] with protection modes 0
Event: 0.041 Thread 0x0000147f00121570 Thread added: 0x0000147f00121570
Event: 0.042 Protecting memory [0x0000147ebd152000,0x0000147ebd156000] with protection modes 0
Event: 0.042 Thread 0x0000147f00122a00 Thread added: 0x0000147f00122a00
Event: 0.042 Protecting memory [0x0000147ebd052000,0x0000147ebd056000] with protection modes 0
Event: 0.042 Thread 0x0000147f00124430 Thread added: 0x0000147f00124430
Event: 0.042 Protecting memory [0x0000147ebcf52000,0x0000147ebcf56000] with protection modes 0
Event: 0.042 Thread 0x0000147f001259e0 Thread added: 0x0000147f001259e0
Event: 0.049 Protecting memory [0x0000147ebce52000,0x0000147ebce56000] with protection modes 0
Event: 0.073 Thread 0x0000147f0016b180 Thread added: 0x0000147f0016b180
Event: 0.073 Protecting memory [0x0000147ebcd52000,0x0000147ebcd56000] with protection modes 0
Event: 0.079 Thread 0x0000147f0016d6a0 Thread added: 0x0000147f0016d6a0
Event: 0.079 Protecting memory [0x0000147ebcc52000,0x0000147ebcc56000] with protection modes 0


Dynamic libraries:
a0000000-120000000 rw-p 00000000 00:00 0 
120000000-7fe000000 ---p 00000000 00:00 0 
7fe000000-7fef00000 rw-p 00000000 00:00 0 
7fef00000-7fef79000 rw-p 00d34000 00:32 2690282609                       /opt/apps/oracle-java/20.0.1/lib/server/classes.jsa
7fef79000-7ff000000 rw-p 00000000 00:00 0 
7ff000000-7ff082000 rw-p 00cb2000 00:32 2690282609                       /opt/apps/oracle-java/20.0.1/lib/server/classes.jsa
7ff082000-800000000 rw-p 00000000 00:00 0 
800000000-800481000 rw-p 00001000 00:32 2690282609                       /opt/apps/oracle-java/20.0.1/lib/server/classes.jsa
800481000-800c75000 r--p 00482000 00:32 2690282609                       /opt/apps/oracle-java/20.0.1/lib/server/classes.jsa
800c75000-801000000 ---p 00000000 00:00 0 
801000000-801010000 rw-p 00000000 00:00 0 
801010000-801040000 ---p 00000000 00:00 0 
801040000-801050000 rw-p 00000000 00:00 0 
801050000-841000000 ---p 00000000 00:00 0 
147e58000000-147e58021000 rw-p 00000000 00:00 0 
147e58021000-147e5c000000 ---p 00000000 00:00 0 
147e60000000-147e60021000 rw-p 00000000 00:00 0 
147e60021000-147e64000000 ---p 00000000 00:00 0 
147e64000000-147e64021000 rw-p 00000000 00:00 0 
147e64021000-147e68000000 ---p 00000000 00:00 0 
147e6c000000-147e6c05f000 rw-p 00000000 00:00 0 
147e6c05f000-147e70000000 ---p 00000000 00:00 0 
147e70000000-147e70088000 rw-p 00000000 00:00 0 
147e70088000-147e74000000 ---p 00000000 00:00 0 
147e78000000-147e78021000 rw-p 00000000 00:00 0 
147e78021000-147e7c000000 ---p 00000000 00:00 0 
147e7c000000-147e7c021000 rw-p 00000000 00:00 0 
147e7c021000-147e80000000 ---p 00000000 00:00 0 
147e84000000-147e84021000 rw-p 00000000 00:00 0 
147e84021000-147e88000000 ---p 00000000 00:00 0 
147e88000000-147e88021000 rw-p 00000000 00:00 0 
147e88021000-147e8c000000 ---p 00000000 00:00 0 
147e90000000-147e90021000 rw-p 00000000 00:00 0 
147e90021000-147e94000000 ---p 00000000 00:00 0 
147e94000000-147e94021000 rw-p 00000000 00:00 0 
147e94021000-147e98000000 ---p 00000000 00:00 0 
147e9c000000-147e9c030000 rw-p 00000000 00:00 0 
147e9c030000-147e9c400000 ---p 00000000 00:00 0 
147e9c400000-147e9c410000 rw-p 00000000 00:00 0 
147e9c410000-147ea0000000 ---p 00000000 00:00 0 
147ea0000000-147ea0021000 rw-p 00000000 00:00 0 
147ea0021000-147ea4000000 ---p 00000000 00:00 0 
147ea4000000-147ea4021000 rw-p 00000000 00:00 0 
147ea4021000-147ea8000000 ---p 00000000 00:00 0 
147eac000000-147eac021000 rw-p 00000000 00:00 0 
147eac021000-147eb0000000 ---p 00000000 00:00 0 
147eb0000000-147eb0021000 rw-p 00000000 00:00 0 
147eb0021000-147eb4000000 ---p 00000000 00:00 0 
147eb8000000-147eb8021000 rw-p 00000000 00:00 0 
147eb8021000-147ebc000000 ---p 00000000 00:00 0 
147ebc764000-147ebcb50000 rw-p 00000000 00:00 0 
147ebcb50000-147ebcb51000 ---p 00000000 00:00 0 
147ebcb51000-147ebcc52000 rw-p 00000000 00:00 0 
147ebcc52000-147ebcc56000 ---p 00000000 00:00 0 
147ebcc56000-147ebcd52000 rw-p 00000000 00:00 0 
147ebcd52000-147ebcd56000 ---p 00000000 00:00 0 
147ebcd56000-147ebce52000 rw-p 00000000 00:00 0 
147ebce52000-147ebce56000 ---p 00000000 00:00 0 
147ebce56000-147ebcf52000 rw-p 00000000 00:00 0 
147ebcf52000-147ebcf56000 ---p 00000000 00:00 0 
147ebcf56000-147ebd052000 rw-p 00000000 00:00 0 
147ebd052000-147ebd056000 ---p 00000000 00:00 0 
147ebd056000-147ebd152000 rw-p 00000000 00:00 0 
147ebd152000-147ebd156000 ---p 00000000 00:00 0 
147ebd156000-147ebd252000 rw-p 00000000 00:00 0 
147ebd252000-147ebd256000 ---p 00000000 00:00 0 
147ebd256000-147ebd352000 rw-p 00000000 00:00 0 
147ebd352000-147ebd356000 ---p 00000000 00:00 0 
147ebd356000-147ebd452000 rw-p 00000000 00:00 0 
147ebd452000-147ebd456000 ---p 00000000 00:00 0 
147ebd456000-147ebd552000 rw-p 00000000 00:00 0 
147ebd552000-147ebd5a7000 r--p 00000000 fd:00 1610677145                 /usr/lib/locale/C.utf8/LC_CTYPE
147ebd5a7000-147ebd5a8000 ---p 00000000 00:00 0 
147ebd5a8000-147ebd6a9000 rw-p 00000000 00:00 0 
147ebd6a9000-147ebd777000 r-xp 00000000 00:32 1075234338                 /opt/apps/oracle-java/20.0.1/lib/libjsvml.so
147ebd777000-147ebd778000 r--p 000cd000 00:32 1075234338                 /opt/apps/oracle-java/20.0.1/lib/libjsvml.so
147ebd778000-147ebd779000 rw-p 000ce000 00:32 1075234338                 /opt/apps/oracle-java/20.0.1/lib/libjsvml.so
147ebd779000-147ebd7fa000 rw-p 00000000 00:00 0 
147ebd7fa000-147ebd7fb000 ---p 00000000 00:00 0 
147ebd7fb000-147ebd8fc000 rw-p 00000000 00:00 0 
147ebd8fc000-147ebd8fd000 ---p 00000000 00:00 0 
147ebd8fd000-147ebd9fe000 rw-p 00000000 00:00 0 
147ebd9fe000-147ec1c00000 rw-p 00000000 00:00 0 
147ec1c00000-147edd380000 ---p 00000000 00:00 0 
147edd380000-147edd400000 rw-p 00000000 00:00 0 
147edd428000-147edd4c4000 rw-p 00000000 00:00 0 
147edd500000-147edd900000 rw-p 00000000 00:00 0 
147edd900000-147ee0ff0000 ---p 00000000 00:00 0 
147ee0ff0000-147ee1400000 rw-p 00000000 00:00 0 
147ee1400000-147ee4af0000 ---p 00000000 00:00 0 
147ee4af0000-147ee4f00000 rw-p 00000000 00:00 0 
147ee4f00000-147ee85f0000 ---p 00000000 00:00 0 
147ee85f0000-147ee8600000 rw-p 00000000 00:00 0 
147ee8600000-147ee8870000 rwxp 00000000 00:00 0 
147ee8870000-147eefb38000 ---p 00000000 00:00 0 
147eefb38000-147eefda8000 rwxp 00000000 00:00 0 
147eefda8000-147ef00c7000 ---p 00000000 00:00 0 
147ef00c7000-147ef0337000 rwxp 00000000 00:00 0 
147ef0337000-147ef7600000 ---p 00000000 00:00 0 
147ef7600000-147ef7ed4000 r--s 00000000 fd:00 1611280663                 /var/lib/sss/mc/passwd
147ef7ede000-147f00000000 r--s 00000000 00:32 1075234354                 /opt/apps/oracle-java/20.0.1/lib/modules
147f00000000-147f00188000 rw-p 00000000 00:00 0 
147f00188000-147f04000000 ---p 00000000 00:00 0 
147f0401c000-147f04028000 r-xp 00000000 00:32 1075234344                 /opt/apps/oracle-java/20.0.1/lib/libnet.so
147f04028000-147f04029000 r--p 0000b000 00:32 1075234344                 /opt/apps/oracle-java/20.0.1/lib/libnet.so
147f04029000-147f0402a000 rw-p 0000c000 00:32 1075234344                 /opt/apps/oracle-java/20.0.1/lib/libnet.so
147f0402a000-147f0402b000 ---p 00000000 00:00 0 
147f0402b000-147f0412c000 rw-p 00000000 00:00 0 
147f0412c000-147f0412d000 ---p 00000000 00:00 0 
147f0412d000-147f0422e000 rw-p 00000000 00:00 0 
147f0422e000-147f0422f000 ---p 00000000 00:00 0 
147f0422f000-147f04330000 rw-p 00000000 00:00 0 
147f04330000-147f046da000 rw-p 00000000 00:00 0 
147f046da000-147f047c0000 ---p 00000000 00:00 0 
147f047c0000-147f047c5000 rw-p 00000000 00:00 0 
147f047c5000-147f048ab000 ---p 00000000 00:00 0 
147f048ab000-147f048af000 ---p 00000000 00:00 0 
147f048af000-147f049ab000 rw-p 00000000 00:00 0 
147f049ab000-147f049b8000 r--p 00000000 fd:00 169835                     /usr/lib64/libm.so.6
147f049b8000-147f04a28000 r-xp 0000d000 fd:00 169835                     /usr/lib64/libm.so.6
147f04a28000-147f04a84000 r--p 0007d000 fd:00 169835                     /usr/lib64/libm.so.6
147f04a84000-147f04a85000 r--p 000d8000 fd:00 169835                     /usr/lib64/libm.so.6
147f04a85000-147f04a86000 rw-p 000d9000 fd:00 169835                     /usr/lib64/libm.so.6
147f04a86000-147f05ca2000 r-xp 00000000 00:32 2690282612                 /opt/apps/oracle-java/20.0.1/lib/server/libjvm.so
147f05ca2000-147f05d6c000 r--p 0121b000 00:32 2690282612                 /opt/apps/oracle-java/20.0.1/lib/server/libjvm.so
147f05d6c000-147f05da1000 rw-p 012e5000 00:32 2690282612                 /opt/apps/oracle-java/20.0.1/lib/server/libjvm.so
147f05da1000-147f05e00000 rw-p 00000000 00:00 0 
147f05e00000-147f05e29000 r--p 00000000 fd:00 169478                     /usr/lib64/libc.so.6
147f05e29000-147f05f9e000 r-xp 00029000 fd:00 169478                     /usr/lib64/libc.so.6
147f05f9e000-147f05ff6000 r--p 0019e000 fd:00 169478                     /usr/lib64/libc.so.6
147f05ff6000-147f05ffa000 r--p 001f6000 fd:00 169478                     /usr/lib64/libc.so.6
147f05ffa000-147f05ffc000 rw-p 001fa000 fd:00 169478                     /usr/lib64/libc.so.6
147f05ffc000-147f06009000 rw-p 00000000 00:00 0 
147f06009000-147f0601c000 r-xp 00000000 00:32 1075234345                 /opt/apps/oracle-java/20.0.1/lib/libnio.so
147f0601c000-147f0601d000 ---p 00013000 00:32 1075234345                 /opt/apps/oracle-java/20.0.1/lib/libnio.so
147f0601d000-147f0601e000 r--p 00013000 00:32 1075234345                 /opt/apps/oracle-java/20.0.1/lib/libnio.so
147f0601e000-147f0601f000 rw-p 00014000 00:32 1075234345                 /opt/apps/oracle-java/20.0.1/lib/libnio.so
147f0601f000-147f06020000 r--p 00000000 fd:00 1610677150                 /usr/lib/locale/C.utf8/LC_NUMERIC
147f06020000-147f06021000 r--p 00000000 fd:00 1610677153                 /usr/lib/locale/C.utf8/LC_TIME
147f06021000-147f06028000 r--s 00000000 fd:00 1075287776                 /usr/lib64/gconv/gconv-modules.cache
147f06028000-147f0604e000 r-xp 00000000 00:32 1075234330                 /opt/apps/oracle-java/20.0.1/lib/libjava.so
147f0604e000-147f0604f000 ---p 00026000 00:32 1075234330                 /opt/apps/oracle-java/20.0.1/lib/libjava.so
147f0604f000-147f06050000 r--p 00026000 00:32 1075234330                 /opt/apps/oracle-java/20.0.1/lib/libjava.so
147f06050000-147f06051000 rw-p 00027000 00:32 1075234330                 /opt/apps/oracle-java/20.0.1/lib/libjava.so
147f06051000-147f06052000 rw-p 00000000 00:00 0 
147f06052000-147f06054000 r--p 00000000 fd:00 169914                     /usr/lib64/libnss_sss.so.2
147f06054000-147f0605c000 r-xp 00002000 fd:00 169914                     /usr/lib64/libnss_sss.so.2
147f0605c000-147f0605e000 r--p 0000a000 fd:00 169914                     /usr/lib64/libnss_sss.so.2
147f0605e000-147f0605f000 r--p 0000b000 fd:00 169914                     /usr/lib64/libnss_sss.so.2
147f0605f000-147f06060000 rw-p 0000c000 fd:00 169914                     /usr/lib64/libnss_sss.so.2
147f06060000-147f06061000 r--p 00000000 fd:00 1610677144                 /usr/lib/locale/C.utf8/LC_COLLATE
147f06061000-147f06062000 r--p 00000000 fd:00 1610677148                 /usr/lib/locale/C.utf8/LC_MONETARY
147f06062000-147f06063000 r--p 00000000 fd:00 28652                      /usr/lib/locale/C.utf8/LC_MESSAGES/SYS_LC_MESSAGES
147f06063000-147f06064000 r--p 00000000 fd:00 1610677151                 /usr/lib/locale/C.utf8/LC_PAPER
147f06064000-147f06069000 rw-p 00000000 00:00 0 
147f06069000-147f06070000 ---p 00000000 00:00 0 
147f06070000-147f0608b000 r-xp 00000000 00:32 1075234334                 /opt/apps/oracle-java/20.0.1/lib/libjimage.so
147f0608b000-147f0608c000 ---p 0001b000 00:32 1075234334                 /opt/apps/oracle-java/20.0.1/lib/libjimage.so
147f0608c000-147f0608e000 r--p 0001b000 00:32 1075234334                 /opt/apps/oracle-java/20.0.1/lib/libjimage.so
147f0608e000-147f0608f000 rw-p 0001d000 00:32 1075234334                 /opt/apps/oracle-java/20.0.1/lib/libjimage.so
147f0608f000-147f06090000 r--p 00000000 fd:00 170046                     /usr/lib64/librt.so.1
147f06090000-147f06091000 r-xp 00001000 fd:00 170046                     /usr/lib64/librt.so.1
147f06091000-147f06092000 r--p 00002000 fd:00 170046                     /usr/lib64/librt.so.1
147f06092000-147f06093000 r--p 00002000 fd:00 170046                     /usr/lib64/librt.so.1
147f06093000-147f06094000 rw-p 00003000 fd:00 170046                     /usr/lib64/librt.so.1
147f06094000-147f06099000 rw-p 00000000 00:00 0 
147f06099000-147f0609a000 r--p 00000000 fd:00 169553                     /usr/lib64/libdl.so.2
147f0609a000-147f0609b000 r-xp 00001000 fd:00 169553                     /usr/lib64/libdl.so.2
147f0609b000-147f0609c000 r--p 00002000 fd:00 169553                     /usr/lib64/libdl.so.2
147f0609c000-147f0609d000 r--p 00002000 fd:00 169553                     /usr/lib64/libdl.so.2
147f0609d000-147f0609e000 rw-p 00003000 fd:00 169553                     /usr/lib64/libdl.so.2
147f0609e000-147f0609f000 r--p 00000000 fd:00 170015                     /usr/lib64/libpthread.so.0
147f0609f000-147f060a0000 r-xp 00001000 fd:00 170015                     /usr/lib64/libpthread.so.0
147f060a0000-147f060a1000 r--p 00002000 fd:00 170015                     /usr/lib64/libpthread.so.0
147f060a1000-147f060a2000 r--p 00002000 fd:00 170015                     /usr/lib64/libpthread.so.0
147f060a2000-147f060a3000 rw-p 00003000 fd:00 170015                     /usr/lib64/libpthread.so.0
147f060a3000-147f060b1000 r-xp 00000000 00:32 1075234335                 /opt/apps/oracle-java/20.0.1/lib/libjli.so
147f060b1000-147f060b2000 ---p 0000e000 00:32 1075234335                 /opt/apps/oracle-java/20.0.1/lib/libjli.so
147f060b2000-147f060b3000 r--p 0000e000 00:32 1075234335                 /opt/apps/oracle-java/20.0.1/lib/libjli.so
147f060b3000-147f060b4000 rw-p 0000f000 00:32 1075234335                 /opt/apps/oracle-java/20.0.1/lib/libjli.so
147f060b4000-147f060b7000 r--p 00000000 fd:00 170262                     /usr/lib64/libz.so.1.2.11
147f060b7000-147f060c5000 r-xp 00003000 fd:00 170262                     /usr/lib64/libz.so.1.2.11
147f060c5000-147f060cb000 r--p 00011000 fd:00 170262                     /usr/lib64/libz.so.1.2.11
147f060cb000-147f060cc000 ---p 00017000 fd:00 170262                     /usr/lib64/libz.so.1.2.11
147f060cc000-147f060cd000 r--p 00017000 fd:00 170262                     /usr/lib64/libz.so.1.2.11
147f060cd000-147f060ce000 rw-p 00000000 00:00 0 
147f060ce000-147f060cf000 r--p 00000000 fd:00 1610677149                 /usr/lib/locale/C.utf8/LC_NAME
147f060cf000-147f060d0000 r--p 00000000 fd:00 1610677143                 /usr/lib/locale/C.utf8/LC_ADDRESS
147f060d0000-147f060d1000 r--p 00000000 fd:00 1610677152                 /usr/lib/locale/C.utf8/LC_TELEPHONE
147f060d1000-147f060d2000 r--p 00000000 fd:00 1610677147                 /usr/lib/locale/C.utf8/LC_MEASUREMENT
147f060d2000-147f060d3000 r--p 00000000 fd:00 1610677146                 /usr/lib/locale/C.utf8/LC_IDENTIFICATION
147f060d3000-147f060db000 rw-s 00000000 fd:00 1075309059                 /tmp/hsperfdata_mmontante/2724738
147f060db000-147f060dc000 ---p 00000000 00:00 0 
147f060dc000-147f060dd000 r--p 00000000 00:00 0 
147f060dd000-147f060de000 ---p 00000000 00:00 0 
147f060de000-147f060e0000 rw-p 00000000 00:00 0 
147f060e0000-147f060e2000 r--p 00000000 fd:00 144996                     /usr/lib64/ld-linux-x86-64.so.2
147f060e2000-147f0610a000 r-xp 00002000 fd:00 144996                     /usr/lib64/ld-linux-x86-64.so.2
147f0610a000-147f06116000 r--p 0002a000 fd:00 144996                     /usr/lib64/ld-linux-x86-64.so.2
147f06116000-147f06118000 r--p 00036000 fd:00 144996                     /usr/lib64/ld-linux-x86-64.so.2
147f06118000-147f0611a000 rw-p 00038000 fd:00 144996                     /usr/lib64/ld-linux-x86-64.so.2
55bccc136000-55bccc137000 r-xp 00000000 00:32 8601814240                 /opt/apps/oracle-java/20.0.1/bin/java
55bccc138000-55bccc139000 r--p 00001000 00:32 8601814240                 /opt/apps/oracle-java/20.0.1/bin/java
55bccc139000-55bccc13a000 rw-p 00002000 00:32 8601814240                 /opt/apps/oracle-java/20.0.1/bin/java
55bccc478000-55bccc4be000 rw-p 00000000 00:00 0                          [heap]
7ffe5d370000-7ffe5d393000 rw-p 00000000 00:00 0                          [stack]
7ffe5d39a000-7ffe5d39e000 r--p 00000000 00:00 0                          [vvar]
7ffe5d39e000-7ffe5d3a0000 r-xp 00000000 00:00 0                          [vdso]
ffffffffff600000-ffffffffff601000 --xp 00000000 00:00 0                  [vsyscall]


VM Arguments:
jvm_args: --add-opens=java.base/java.lang=ALL-UNNAMED --add-opens=java.base/java.io=ALL-UNNAMED --add-opens=java.base/java.nio=ALL-UNNAMED --add-opens=java.base/java.net=ALL-UNNAMED --add-opens=java.base/java.util=ALL-UNNAMED --add-opens=java.base/java.util.concurrent.locks=ALL-UNNAMED --add-opens=java.base/java.util.concurrent.atomic=ALL-UNNAMED --add-opens=java.base/java.nio.file.spi=ALL-UNNAMED --add-opens=java.base/sun.nio.ch=ALL-UNNAMED --add-opens=java.base/sun.nio.fs=ALL-UNNAMED --add-opens=java.base/sun.net.www.protocol.http=ALL-UNNAMED --add-opens=java.base/sun.net.www.protocol.https=ALL-UNNAMED --add-opens=java.base/sun.net.www.protocol.ftp=ALL-UNNAMED --add-opens=java.base/sun.net.www.protocol.file=ALL-UNNAMED --add-opens=java.base/jdk.internal.misc=ALL-UNNAMED --add-opens=java.base/jdk.internal.vm=ALL-UNNAMED --add-opens=java.base/java.util.regex=ALL-UNNAMED -Dfile.encoding=UTF-8 -Dcapsule.trampoline -Dcapsule.java.cmd=/opt/apps/oracle-java/20.0.1/bin/java -Dcom.sun.security.enableAIAcaIssuers=true -Djava.awt.headless=true -Djava.io.tmpdir=/tmp 
java_command: /home/mmontante/.nextflow/framework/25.10.4/nextflow-25.10.4-one.jar run main.nf -entry MEMOTE -profile memote
java_class_path (initial): /home/mmontante/.nextflow/framework/25.10.4/nextflow-25.10.4-one.jar
Launcher Type: SUN_STANDARD

[Global flags]
     intx CICompilerCount                          = 2                                         {product} {ergonomic}
     uint ConcGCThreads                            = 1                                         {product} {ergonomic}
     uint G1ConcRefinementThreads                  = 2                                         {product} {ergonomic}
   size_t G1HeapRegionSize                         = 16777216                                  {product} {ergonomic}
    uintx GCDrainStackTargetSize                   = 64                                        {product} {ergonomic}
   size_t InitialHeapSize                          = 2147483648                                {product} {ergonomic}
   size_t MarkStackSize                            = 4194304                                   {product} {ergonomic}
   size_t MaxHeapSize                              = 31675383808                               {product} {ergonomic}
   size_t MaxNewSize                               = 18991808512                               {product} {ergonomic}
   size_t MinHeapDeltaBytes                        = 16777216                                  {product} {ergonomic}
   size_t MinHeapSize                              = 16777216                                  {product} {ergonomic}
    uintx NonNMethodCodeHeapSize                   = 5826188                                {pd product} {ergonomic}
    uintx NonProfiledCodeHeapSize                  = 122916026                              {pd product} {ergonomic}
    uintx ProfiledCodeHeapSize                     = 122916026                              {pd product} {ergonomic}
    uintx ReservedCodeCacheSize                    = 251658240                              {pd product} {ergonomic}
     bool SegmentedCodeCache                       = true                                      {product} {ergonomic}
   size_t SoftMaxHeapSize                          = 31675383808                            {manageable} {ergonomic}
     bool UseCompressedClassPointers               = true                           {product lp64_product} {ergonomic}
     bool UseCompressedOops                        = true                           {product lp64_product} {ergonomic}
     bool UseG1GC                                  = true                                      {product} {ergonomic}

Logging:
Log output configuration:
 #0: stdout all=warning uptime,level,tags foldmultilines=false
 #1: stderr all=off uptime,level,tags foldmultilines=false

Environment Variables:
JAVA_HOME=/opt/apps/oracle-java/20.0.1
PATH=/opt/apps/oracle-java/20.0.1/bin:/opt/apps/nextflow/25.10.4:/mnt/data/sur/modules/pkgs/mamba/main/condabin:/home/mmontante/.local/bin:/home/mmontante/bin:/usr/local/bin:/usr/bin:/usr/local/sbin:/usr/sbin
LD_LIBRARY_PATH=/opt/apps/oracle-java/20.0.1/lib:/opt/apps/nextflow/25.10.4/lib
SHELL=/bin/bash
LANG=C.UTF-8
TERM=xterm-256color
TMPDIR=/tmp

Active Locale:
LC_ALL=C.UTF-8
LC_COLLATE=C.UTF-8
LC_CTYPE=C.UTF-8
LC_MESSAGES=C.UTF-8
LC_MONETARY=C.UTF-8
LC_NUMERIC=C.UTF-8
LC_TIME=C.UTF-8

Signal Handlers:
   SIGSEGV: crash_handler in libjvm.so, mask=11100100010111111101111111111110, flags=SA_RESTART|SA_SIGINFO, unblocked
    SIGBUS: crash_handler in libjvm.so, mask=11100100010111111101111111111110, flags=SA_RESTART|SA_SIGINFO, unblocked
    SIGFPE: crash_handler in libjvm.so, mask=11100100010111111101111111111110, flags=SA_RESTART|SA_SIGINFO, unblocked
   SIGPIPE: javaSignalHandler in libjvm.so, mask=11100100010111111101111111111110, flags=SA_RESTART|SA_SIGINFO, blocked
   SIGXFSZ: javaSignalHandler in libjvm.so, mask=11100100010111111101111111111110, flags=SA_RESTART|SA_SIGINFO, blocked
    SIGILL: crash_handler in libjvm.so, mask=11100100010111111101111111111110, flags=SA_RESTART|SA_SIGINFO, unblocked
   SIGUSR2: SR_handler in libjvm.so, mask=00000000000000000000000000000000, flags=SA_RESTART|SA_SIGINFO, blocked
    SIGHUP: UserHandler in libjvm.so, mask=11100100010111111101111111111110, flags=SA_RESTART|SA_SIGINFO, blocked
    SIGINT: UserHandler in libjvm.so, mask=11100100010111111101111111111110, flags=SA_RESTART|SA_SIGINFO, blocked
   SIGTERM: UserHandler in libjvm.so, mask=11100100010111111101111111111110, flags=SA_RESTART|SA_SIGINFO, blocked
   SIGQUIT: UserHandler in libjvm.so, mask=11100100010111111101111111111110, flags=SA_RESTART|SA_SIGINFO, blocked
   SIGTRAP: crash_handler in libjvm.so, mask=11100100010111111101111111111110, flags=SA_RESTART|SA_SIGINFO, unblocked


---------------  S Y S T E M  ---------------

OS:
Rocky Linux release 9.7 (Blue Onyx)
uname: Linux 5.14.0-611.54.1.el9_7.x86_64 #1 SMP PREEMPT_DYNAMIC Tue May 5 16:52:47 UTC 2026 x86_64
OS uptime: 86 days 23:00 hours
libc: glibc 2.34 NPTL 2.34 
rlimit (soft/hard): STACK infinity/infinity , CORE infinity/infinity , NPROC 61493/1029539 , NOFILE 131072/131072 , AS infinity/infinity , CPU infinity/infinity , DATA infinity/infinity , FSIZE infinity/infinity , MEMLOCK infinity/infinity
load average: 15.60 14.76 14.49

/proc/meminfo:
MemTotal:       263886960 kB
MemFree:        57486748 kB
MemAvailable:   230958136 kB
Buffers:             776 kB
Cached:         168322584 kB
SwapCached:            0 kB
Active:         42615512 kB
Inactive:       153628308 kB
Active(anon):   28274956 kB
Inactive(anon):   208220 kB
Active(file):   14340556 kB
Inactive(file): 153420088 kB
Unevictable:           0 kB
Mlocked:               0 kB
SwapTotal:             0 kB
SwapFree:              0 kB
Zswap:                 0 kB
Zswapped:              0 kB
Dirty:                64 kB
Writeback:             4 kB
AnonPages:      27873024 kB
Mapped:           974040 kB
Shmem:            562716 kB
KReclaimable:    7558788 kB
Slab:            8375696 kB
SReclaimable:    7558788 kB
SUnreclaim:       816908 kB
KernelStack:       14944 kB
PageTables:        67012 kB
SecPageTables:      2056 kB
NFS_Unstable:          0 kB
Bounce:                0 kB
WritebackTmp:          0 kB
CommitLimit:    131943480 kB
Committed_AS:   45721744 kB
VmallocTotal:   34359738367 kB
VmallocUsed:      466196 kB
VmallocChunk:          0 kB
Percpu:            87936 kB
HardwareCorrupted:     0 kB
AnonHugePages:  24991744 kB
ShmemHugePages:        0 kB
ShmemPmdMapped:        0 kB
FileHugePages:         0 kB
FilePmdMapped:         0 kB
CmaTotal:              0 kB
CmaFree:               0 kB
Unaccepted:            0 kB
HugePages_Total:       0
HugePages_Free:        0
HugePages_Rsvd:        0
HugePages_Surp:        0
Hugepagesize:       2048 kB
Hugetlb:               0 kB
DirectMap4k:     1174232 kB
DirectMap2M:    57317376 kB
DirectMap1G:    211812352 kB

/sys/kernel/mm/transparent_hugepage/enabled: [always] madvise never
/sys/kernel/mm/transparent_hugepage/defrag (defrag/compaction efforts parameter): always defer defer+madvise [madvise] never

Process Memory:
Virtual Size: 34317944K (peak: 34379320K)
Resident Set Size: 62136K (peak: 62136K) (anon: 35600K, file: 26536K, shmem: 0K)
Swapped out: 0K
C-Heap outstanding allocations: 13280K, retained: 2047K
glibc malloc tunables: (default)

/proc/sys/kernel/threads-max (system-wide limit on the number of threads): 2059079
/proc/sys/vm/max_map_count (maximum number of memory map areas a process may have): 65530
/proc/sys/kernel/pid_max (system-wide limit on number of process identifiers): 4194304

container (cgroup) information:
container_type: cgroupv2
cpu_cpuset_cpus: not supported
cpu_memory_nodes: not supported
active_processor_count: 2
cpu_quota: no quota
cpu_period: 100000
cpu_shares: no shares
memory_limit_in_bytes: unlimited
memory_and_swap_limit_in_bytes: unlimited
memory_soft_limit_in_bytes: unlimited
memory_usage_in_bytes: 37572 k
memory_max_usage_in_bytes: not supported
memory_swap_current_in_bytes: unlimited
memory_swap_max_limit_in_bytes: unlimited
maximum number of tasks: not supported
current number of tasks: not supported

Steal ticks since vm start: 0
Steal ticks percentage since vm start:  0.000

CPU: total 28 (initial active 2) (14 cores per cpu, 2 threads per core) family 6 model 79 stepping 1 microcode 0xb000040, cx8, cmov, fxsr, ht, mmx, 3dnowpref, sse, sse2, sse3, ssse3, sse4.1, sse4.2, popcnt, lzcnt, tsc, tscinvbit, avx, avx2, aes, erms, clmul, bmi1, bmi2, rtm, adx, fma, vzeroupper, clflush, rdtscp, f16c
CPU Model and flags from /proc/cpuinfo:
model name	: Intel(R) Xeon(R) CPU E5-2690 v4 @ 2.60GHz
flags		: fpu vme de pse tsc msr pae mce cx8 apic sep mtrr pge mca cmov pat pse36 clflush dts acpi mmx fxsr sse sse2 ss ht tm pbe syscall nx pdpe1gb rdtscp lm constant_tsc arch_perfmon pebs bts rep_good nopl xtopology nonstop_tsc cpuid aperfmperf pni pclmulqdq dtes64 monitor ds_cpl vmx smx est tm2 ssse3 sdbg fma cx16 xtpr pdcm pcid dca sse4_1 sse4_2 x2apic movbe popcnt tsc_deadline_timer aes xsave avx f16c rdrand lahf_lm abm 3dnowprefetch cpuid_fault epb cat_l3 cdp_l3 pti ssbd ibrs ibpb stibp tpr_shadow flexpriority ept vpid ept_ad fsgsbase tsc_adjust bmi1 hle avx2 smep bmi2 erms invpcid rtm cqm rdt_a rdseed adx smap intel_pt xsaveopt cqm_llc cqm_occup_llc cqm_mbm_total cqm_mbm_local dtherm ida arat pln pts vnmi md_clear flush_l1d

Online cpus: 0-27
Offline cpus: 
BIOS frequency limitation: <Not Available>
Frequency switch latency (ns): 20000
Available cpu frequencies: <Not Available>
Current governor: performance
Core performance/turbo boost: <Not Available>

Memory: 4k page, physical 263886960k(57486748k free), swap 0k(0k free)
Page Sizes: 4k

vm_info: Java HotSpot(TM) 64-Bit Server VM (20.0.1+9-29) for linux-amd64 JRE (20.0.1+9-29), built on 2023-03-07T13:56:11Z by "mach5one" with gcc 11.2.0

END.
