Adding exchange reaction EX_12ppd__R_e with default bounds for boundary metabolite: 12ppd__R_e.
Adding exchange reaction EX_12ppd__S_e with default bounds for boundary metabolite: 12ppd__S_e.
Adding exchange reaction EX_14glucan_e with default bounds for boundary metabolite: 14glucan_e.
Adding exchange reaction EX_15dap_e with default bounds for boundary metabolite: 15dap_e.
Adding exchange reaction EX_23camp_e with default bounds for boundary metabolite: 23camp_e.
Adding exchange reaction EX_23ccmp_e with default bounds for boundary metabolite: 23ccmp_e.
Adding exchange reaction EX_23cgmp_e with default bounds for boundary metabolite: 23cgmp_e.
Adding exchange reaction EX_23cump_e with default bounds for boundary metabolite: 23cump_e.
Adding exchange reaction EX_23dappa_e with default bounds for boundary metabolite: 23dappa_e.
Adding exchange reaction EX_23dhbzs3_e with default bounds for boundary metabolite: 23dhbzs3_e.
Adding exchange reaction EX_25dkglcn_e with default bounds for boundary metabolite: 25dkglcn_e.
Adding exchange reaction EX_26dap__M_e with default bounds for boundary metabolite: 26dap__M_e.
Adding exchange reaction EX_2ddglcn_e with default bounds for boundary metabolite: 2ddglcn_e.
Adding exchange reaction EX_34dhpac_e with default bounds for boundary metabolite: 34dhpac_e.
Adding exchange reaction EX_3amp_e with default bounds for boundary metabolite: 3amp_e.
Adding exchange reaction EX_3cmp_e with default bounds for boundary metabolite: 3cmp_e.
Adding exchange reaction EX_3gmp_e with default bounds for boundary metabolite: 3gmp_e.
Adding exchange reaction EX_3hcinnm_e with default bounds for boundary metabolite: 3hcinnm_e.
Adding exchange reaction EX_3hpppn_e with default bounds for boundary metabolite: 3hpppn_e.
Adding exchange reaction EX_3pg_e with default bounds for boundary metabolite: 3pg_e.
Adding exchange reaction EX_3ump_e with default bounds for boundary metabolite: 3ump_e.
Adding exchange reaction EX_4abut_e with default bounds for boundary metabolite: 4abut_e.
Adding exchange reaction EX_4abzglu_e with default bounds for boundary metabolite: 4abzglu_e.
Adding exchange reaction EX_4hbz_e with default bounds for boundary metabolite: 4hbz_e.
Adding exchange reaction EX_4hoxpacd_e with default bounds for boundary metabolite: 4hoxpacd_e.
Adding exchange reaction EX_4hthr_e with default bounds for boundary metabolite: 4hthr_e.
Adding exchange reaction EX_5dglcn_e with default bounds for boundary metabolite: 5dglcn_e.
Adding exchange reaction EX_6apa_e with default bounds for boundary metabolite: 6apa_e.
Adding exchange reaction EX_LalaDgluMdapDala_e with default bounds for boundary metabolite: LalaDgluMdapDala_e.
Adding exchange reaction EX_LalaDgluMdap_e with default bounds for boundary metabolite: LalaDgluMdap_e.
Adding exchange reaction EX_LalaDglu_e with default bounds for boundary metabolite: LalaDglu_e.
Adding exchange reaction EX_LalaLglu_e with default bounds for boundary metabolite: LalaLglu_e.
Adding exchange reaction EX_R3hdec4e_e with default bounds for boundary metabolite: R3hdec4e_e.
Adding exchange reaction EX_ac_e with default bounds for boundary metabolite: ac_e.
Adding exchange reaction EX_acac_e with default bounds for boundary metabolite: acac_e.
Adding exchange reaction EX_acald_e with default bounds for boundary metabolite: acald_e.
Adding exchange reaction EX_acgal1p_e with default bounds for boundary metabolite: acgal1p_e.
Adding exchange reaction EX_acgal_e with default bounds for boundary metabolite: acgal_e.
Adding exchange reaction EX_acgam1p_e with default bounds for boundary metabolite: acgam1p_e.
Adding exchange reaction EX_acgam_e with default bounds for boundary metabolite: acgam_e.
Adding exchange reaction EX_acmana_e with default bounds for boundary metabolite: acmana_e.
Adding exchange reaction EX_acmum_e with default bounds for boundary metabolite: acmum_e.
Adding exchange reaction EX_acnam_e with default bounds for boundary metabolite: acnam_e.
Adding exchange reaction EX_acon_C_e with default bounds for boundary metabolite: acon_C_e.
Adding exchange reaction EX_acser_e with default bounds for boundary metabolite: acser_e.
Adding exchange reaction EX_actn__R_e with default bounds for boundary metabolite: actn__R_e.
Adding exchange reaction EX_ade_e with default bounds for boundary metabolite: ade_e.
Adding exchange reaction EX_adn_e with default bounds for boundary metabolite: adn_e.
Adding exchange reaction EX_agm_e with default bounds for boundary metabolite: agm_e.
Adding exchange reaction EX_akg_e with default bounds for boundary metabolite: akg_e.
Adding exchange reaction EX_ala_B_e with default bounds for boundary metabolite: ala_B_e.
Adding exchange reaction EX_ala__D_e with default bounds for boundary metabolite: ala__D_e.
Adding exchange reaction EX_ala__L_e with default bounds for boundary metabolite: ala__L_e.
Adding exchange reaction EX_alaala_e with default bounds for boundary metabolite: alaala_e.
Adding exchange reaction EX_all__D_e with default bounds for boundary metabolite: all__D_e.
Adding exchange reaction EX_alltn_e with default bounds for boundary metabolite: alltn_e.
Adding exchange reaction EX_amp_e with default bounds for boundary metabolite: amp_e.
Adding exchange reaction EX_anhgm_e with default bounds for boundary metabolite: anhgm_e.
Adding exchange reaction EX_arab__D_e with default bounds for boundary metabolite: arab__D_e.
Adding exchange reaction EX_arab__L_e with default bounds for boundary metabolite: arab__L_e.
Adding exchange reaction EX_arbt_e with default bounds for boundary metabolite: arbt_e.
Adding exchange reaction EX_arg__L_e with default bounds for boundary metabolite: arg__L_e.
Adding exchange reaction EX_ascb__L_e with default bounds for boundary metabolite: ascb__L_e.
Adding exchange reaction EX_asn__L_e with default bounds for boundary metabolite: asn__L_e.
Adding exchange reaction EX_aso3_e with default bounds for boundary metabolite: aso3_e.
Adding exchange reaction EX_aso4_e with default bounds for boundary metabolite: aso4_e.
Adding exchange reaction EX_asp__L_e with default bounds for boundary metabolite: asp__L_e.
Adding exchange reaction EX_but_e with default bounds for boundary metabolite: but_e.
Adding exchange reaction EX_butso3_e with default bounds for boundary metabolite: butso3_e.
Adding exchange reaction EX_bz_e with default bounds for boundary metabolite: bz_e.
Adding exchange reaction EX_ca2_e with default bounds for boundary metabolite: ca2_e.
Adding exchange reaction EX_cd2_e with default bounds for boundary metabolite: cd2_e.
Adding exchange reaction EX_cellb_e with default bounds for boundary metabolite: cellb_e.
Adding exchange reaction EX_cgly_e with default bounds for boundary metabolite: cgly_e.
Adding exchange reaction EX_chol_e with default bounds for boundary metabolite: chol_e.
Adding exchange reaction EX_chols_e with default bounds for boundary metabolite: chols_e.
Adding exchange reaction EX_chtbs_e with default bounds for boundary metabolite: chtbs_e.
Adding exchange reaction EX_cit_e with default bounds for boundary metabolite: cit_e.
Adding exchange reaction EX_cl_e with default bounds for boundary metabolite: cl_e.
Adding exchange reaction EX_cm_e with default bounds for boundary metabolite: cm_e.
Adding exchange reaction EX_cmcbtt_e with default bounds for boundary metabolite: cmcbtt_e.
Adding exchange reaction EX_cmp_e with default bounds for boundary metabolite: cmp_e.
Adding exchange reaction EX_co2_e with default bounds for boundary metabolite: co2_e.
Adding exchange reaction EX_co_e with default bounds for boundary metabolite: co_e.
Adding exchange reaction EX_cobalt2_e with default bounds for boundary metabolite: cobalt2_e.
Adding exchange reaction EX_cpgn_e with default bounds for boundary metabolite: cpgn_e.
Adding exchange reaction EX_cpgn_un_e with default bounds for boundary metabolite: cpgn_un_e.
Adding exchange reaction EX_crn_e with default bounds for boundary metabolite: crn_e.
Adding exchange reaction EX_csn_e with default bounds for boundary metabolite: csn_e.
Adding exchange reaction EX_ctbt_e with default bounds for boundary metabolite: ctbt_e.
Adding exchange reaction EX_cu2_e with default bounds for boundary metabolite: cu2_e.
Adding exchange reaction EX_cu_e with default bounds for boundary metabolite: cu_e.
Adding exchange reaction EX_cyan_e with default bounds for boundary metabolite: cyan_e.
Adding exchange reaction EX_cynt_e with default bounds for boundary metabolite: cynt_e.
Adding exchange reaction EX_cys__D_e with default bounds for boundary metabolite: cys__D_e.
Adding exchange reaction EX_cys__L_e with default bounds for boundary metabolite: cys__L_e.
Adding exchange reaction EX_cytd_e with default bounds for boundary metabolite: cytd_e.
Adding exchange reaction EX_dad_2_e with default bounds for boundary metabolite: dad_2_e.
Adding exchange reaction EX_damp_e with default bounds for boundary metabolite: damp_e.
Adding exchange reaction EX_dca_e with default bounds for boundary metabolite: dca_e.
Adding exchange reaction EX_dcmp_e with default bounds for boundary metabolite: dcmp_e.
Adding exchange reaction EX_dcyt_e with default bounds for boundary metabolite: dcyt_e.
Adding exchange reaction EX_ddca_e with default bounds for boundary metabolite: ddca_e.
Adding exchange reaction EX_dgmp_e with default bounds for boundary metabolite: dgmp_e.
Adding exchange reaction EX_dgsn_e with default bounds for boundary metabolite: dgsn_e.
Adding exchange reaction EX_dha_e with default bounds for boundary metabolite: dha_e.
Adding exchange reaction EX_dimp_e with default bounds for boundary metabolite: dimp_e.
Adding exchange reaction EX_din_e with default bounds for boundary metabolite: din_e.
Adding exchange reaction EX_dms_e with default bounds for boundary metabolite: dms_e.
Adding exchange reaction EX_dmso_e with default bounds for boundary metabolite: dmso_e.
Adding exchange reaction EX_dopa_e with default bounds for boundary metabolite: dopa_e.
Adding exchange reaction EX_doxrbcn_e with default bounds for boundary metabolite: doxrbcn_e.
Adding exchange reaction EX_dtmp_e with default bounds for boundary metabolite: dtmp_e.
Adding exchange reaction EX_dump_e with default bounds for boundary metabolite: dump_e.
Adding exchange reaction EX_duri_e with default bounds for boundary metabolite: duri_e.
Adding exchange reaction EX_dxyl_e with default bounds for boundary metabolite: dxyl_e.
Adding exchange reaction EX_dxylnt_e with default bounds for boundary metabolite: dxylnt_e.
Adding exchange reaction EX_enter_e with default bounds for boundary metabolite: enter_e.
Adding exchange reaction EX_etha_e with default bounds for boundary metabolite: etha_e.
Adding exchange reaction EX_ethso3_e with default bounds for boundary metabolite: ethso3_e.
Adding exchange reaction EX_etoh_e with default bounds for boundary metabolite: etoh_e.
Adding exchange reaction EX_f6p_e with default bounds for boundary metabolite: f6p_e.
Adding exchange reaction EX_fad_e with default bounds for boundary metabolite: fad_e.
Adding exchange reaction EX_fald_e with default bounds for boundary metabolite: fald_e.
Adding exchange reaction EX_fcmcbtt_e with default bounds for boundary metabolite: fcmcbtt_e.
Adding exchange reaction EX_fe2_e with default bounds for boundary metabolite: fe2_e.
Adding exchange reaction EX_fe3_e with default bounds for boundary metabolite: fe3_e.
Adding exchange reaction EX_fe3dcit_e with default bounds for boundary metabolite: fe3dcit_e.
Adding exchange reaction EX_fe3dhbzs3_e with default bounds for boundary metabolite: fe3dhbzs3_e.
Adding exchange reaction EX_fe3dhbzs_e with default bounds for boundary metabolite: fe3dhbzs_e.
Adding exchange reaction EX_fe3hox_e with default bounds for boundary metabolite: fe3hox_e.
Adding exchange reaction EX_fe3hox_un_e with default bounds for boundary metabolite: fe3hox_un_e.
Adding exchange reaction EX_fe3pyovd_kt_e with default bounds for boundary metabolite: fe3pyovd_kt_e.
Adding exchange reaction EX_feenter_e with default bounds for boundary metabolite: feenter_e.
Adding exchange reaction EX_feoxam_e with default bounds for boundary metabolite: feoxam_e.
Adding exchange reaction EX_feoxam_un_e with default bounds for boundary metabolite: feoxam_un_e.
Adding exchange reaction EX_fmn_e with default bounds for boundary metabolite: fmn_e.
Adding exchange reaction EX_for_e with default bounds for boundary metabolite: for_e.
Adding exchange reaction EX_frmd_e with default bounds for boundary metabolite: frmd_e.
Adding exchange reaction EX_fru_e with default bounds for boundary metabolite: fru_e.
Adding exchange reaction EX_frulys_e with default bounds for boundary metabolite: frulys_e.
Adding exchange reaction EX_fruur_e with default bounds for boundary metabolite: fruur_e.
Adding exchange reaction EX_fuc__L_e with default bounds for boundary metabolite: fuc__L_e.
Adding exchange reaction EX_fum_e with default bounds for boundary metabolite: fum_e.
Adding exchange reaction EX_fusa_e with default bounds for boundary metabolite: fusa_e.
Adding exchange reaction EX_g1p_e with default bounds for boundary metabolite: g1p_e.
Adding exchange reaction EX_g3pc_e with default bounds for boundary metabolite: g3pc_e.
Adding exchange reaction EX_g3pe_e with default bounds for boundary metabolite: g3pe_e.
Adding exchange reaction EX_g3pg_e with default bounds for boundary metabolite: g3pg_e.
Adding exchange reaction EX_g3pi_e with default bounds for boundary metabolite: g3pi_e.
Adding exchange reaction EX_g3ps_e with default bounds for boundary metabolite: g3ps_e.
Adding exchange reaction EX_g6p_e with default bounds for boundary metabolite: g6p_e.
Adding exchange reaction EX_gal1p_e with default bounds for boundary metabolite: gal1p_e.
Adding exchange reaction EX_gal_bD_e with default bounds for boundary metabolite: gal_bD_e.
Adding exchange reaction EX_gal_e with default bounds for boundary metabolite: gal_e.
Adding exchange reaction EX_galam_e with default bounds for boundary metabolite: galam_e.
Adding exchange reaction EX_galct__D_e with default bounds for boundary metabolite: galct__D_e.
Adding exchange reaction EX_galctn__D_e with default bounds for boundary metabolite: galctn__D_e.
Adding exchange reaction EX_galctn__L_e with default bounds for boundary metabolite: galctn__L_e.
Adding exchange reaction EX_galt_e with default bounds for boundary metabolite: galt_e.
Adding exchange reaction EX_galur_e with default bounds for boundary metabolite: galur_e.
Adding exchange reaction EX_gam6p_e with default bounds for boundary metabolite: gam6p_e.
Adding exchange reaction EX_gam_e with default bounds for boundary metabolite: gam_e.
Adding exchange reaction EX_gbbtn_e with default bounds for boundary metabolite: gbbtn_e.
Adding exchange reaction EX_gdp_e with default bounds for boundary metabolite: gdp_e.
Adding exchange reaction EX_glc__D_e with default bounds for boundary metabolite: glc__D_e.
Adding exchange reaction EX_glcn_e with default bounds for boundary metabolite: glcn_e.
Adding exchange reaction EX_glcr_e with default bounds for boundary metabolite: glcr_e.
Adding exchange reaction EX_glcur1p_e with default bounds for boundary metabolite: glcur1p_e.
Adding exchange reaction EX_glcur_e with default bounds for boundary metabolite: glcur_e.
Adding exchange reaction EX_gln__L_e with default bounds for boundary metabolite: gln__L_e.
Adding exchange reaction EX_glu__L_e with default bounds for boundary metabolite: glu__L_e.
Adding exchange reaction EX_gly_e with default bounds for boundary metabolite: gly_e.
Adding exchange reaction EX_glyald_e with default bounds for boundary metabolite: glyald_e.
Adding exchange reaction EX_glyb_e with default bounds for boundary metabolite: glyb_e.
Adding exchange reaction EX_glyc2p_e with default bounds for boundary metabolite: glyc2p_e.
Adding exchange reaction EX_glyc3p_e with default bounds for boundary metabolite: glyc3p_e.
Adding exchange reaction EX_glyc__R_e with default bounds for boundary metabolite: glyc__R_e.
Adding exchange reaction EX_glyc_e with default bounds for boundary metabolite: glyc_e.
Adding exchange reaction EX_glyclt_e with default bounds for boundary metabolite: glyclt_e.
Adding exchange reaction EX_gmp_e with default bounds for boundary metabolite: gmp_e.
Adding exchange reaction EX_gsn_e with default bounds for boundary metabolite: gsn_e.
Adding exchange reaction EX_gthrd_e with default bounds for boundary metabolite: gthrd_e.
Adding exchange reaction EX_gtp_e with default bounds for boundary metabolite: gtp_e.
Adding exchange reaction EX_gua_e with default bounds for boundary metabolite: gua_e.
Adding exchange reaction EX_h2_e with default bounds for boundary metabolite: h2_e.
Adding exchange reaction EX_h2o2_e with default bounds for boundary metabolite: h2o2_e.
Adding exchange reaction EX_h2o_e with default bounds for boundary metabolite: h2o_e.
Adding exchange reaction EX_h2s_e with default bounds for boundary metabolite: h2s_e.
Adding exchange reaction EX_h_e with default bounds for boundary metabolite: h_e.
Adding exchange reaction EX_hdca_e with default bounds for boundary metabolite: hdca_e.
Adding exchange reaction EX_hdcea_e with default bounds for boundary metabolite: hdcea_e.
Adding exchange reaction EX_hg2_e with default bounds for boundary metabolite: hg2_e.
Adding exchange reaction EX_his__L_e with default bounds for boundary metabolite: his__L_e.
Adding exchange reaction EX_hom__L_e with default bounds for boundary metabolite: hom__L_e.
Adding exchange reaction EX_hqn_e with default bounds for boundary metabolite: hqn_e.
Adding exchange reaction EX_hxa_e with default bounds for boundary metabolite: hxa_e.
Adding exchange reaction EX_hxan_e with default bounds for boundary metabolite: hxan_e.
Adding exchange reaction EX_icit_e with default bounds for boundary metabolite: icit_e.
Adding exchange reaction EX_idon__L_e with default bounds for boundary metabolite: idon__L_e.
Adding exchange reaction EX_ile__L_e with default bounds for boundary metabolite: ile__L_e.
Adding exchange reaction EX_imp_e with default bounds for boundary metabolite: imp_e.
Adding exchange reaction EX_indole_e with default bounds for boundary metabolite: indole_e.
Adding exchange reaction EX_inost_e with default bounds for boundary metabolite: inost_e.
Adding exchange reaction EX_ins_e with default bounds for boundary metabolite: ins_e.
Adding exchange reaction EX_isetac_e with default bounds for boundary metabolite: isetac_e.
Adding exchange reaction EX_k_e with default bounds for boundary metabolite: k_e.
Adding exchange reaction EX_lac__D_e with default bounds for boundary metabolite: lac__D_e.
Adding exchange reaction EX_lac__L_e with default bounds for boundary metabolite: lac__L_e.
Adding exchange reaction EX_lcts_e with default bounds for boundary metabolite: lcts_e.
Adding exchange reaction EX_leu__L_e with default bounds for boundary metabolite: leu__L_e.
Adding exchange reaction EX_lipoate_e with default bounds for boundary metabolite: lipoate_e.
Adding exchange reaction EX_lys__L_e with default bounds for boundary metabolite: lys__L_e.
Adding exchange reaction EX_lyx__L_e with default bounds for boundary metabolite: lyx__L_e.
Adding exchange reaction EX_mal__D_e with default bounds for boundary metabolite: mal__D_e.
Adding exchange reaction EX_mal__L_e with default bounds for boundary metabolite: mal__L_e.
Adding exchange reaction EX_malt_e with default bounds for boundary metabolite: malt_e.
Adding exchange reaction EX_malthp_e with default bounds for boundary metabolite: malthp_e.
Adding exchange reaction EX_malthx_e with default bounds for boundary metabolite: malthx_e.
Adding exchange reaction EX_maltpt_e with default bounds for boundary metabolite: maltpt_e.
Adding exchange reaction EX_malttr_e with default bounds for boundary metabolite: malttr_e.
Adding exchange reaction EX_maltttr_e with default bounds for boundary metabolite: maltttr_e.
Adding exchange reaction EX_man6p_e with default bounds for boundary metabolite: man6p_e.
Adding exchange reaction EX_man_e with default bounds for boundary metabolite: man_e.
Adding exchange reaction EX_manglyc_e with default bounds for boundary metabolite: manglyc_e.
Adding exchange reaction EX_melib_e with default bounds for boundary metabolite: melib_e.
Adding exchange reaction EX_meoh_e with default bounds for boundary metabolite: meoh_e.
Adding exchange reaction EX_met__D_e with default bounds for boundary metabolite: met__D_e.
Adding exchange reaction EX_met__L_e with default bounds for boundary metabolite: met__L_e.
Adding exchange reaction EX_metglcur_e with default bounds for boundary metabolite: metglcur_e.
Adding exchange reaction EX_metsox_R__L_e with default bounds for boundary metabolite: metsox_R__L_e.
Adding exchange reaction EX_metsox_S__L_e with default bounds for boundary metabolite: metsox_S__L_e.
Adding exchange reaction EX_mg2_e with default bounds for boundary metabolite: mg2_e.
Adding exchange reaction EX_minohp_e with default bounds for boundary metabolite: minohp_e.
Adding exchange reaction EX_mmet_e with default bounds for boundary metabolite: mmet_e.
Adding exchange reaction EX_mn2_e with default bounds for boundary metabolite: mn2_e.
Adding exchange reaction EX_mnl_e with default bounds for boundary metabolite: mnl_e.
Adding exchange reaction EX_mobd_e with default bounds for boundary metabolite: mobd_e.
Adding exchange reaction EX_mso3_e with default bounds for boundary metabolite: mso3_e.
Adding exchange reaction EX_mththf_e with default bounds for boundary metabolite: mththf_e.
Adding exchange reaction EX_n2o_e with default bounds for boundary metabolite: n2o_e.
Adding exchange reaction EX_na1_e with default bounds for boundary metabolite: na1_e.
Adding exchange reaction EX_nac_e with default bounds for boundary metabolite: nac_e.
Adding exchange reaction EX_nh4_e with default bounds for boundary metabolite: nh4_e.
Adding exchange reaction EX_ni2_e with default bounds for boundary metabolite: ni2_e.
Adding exchange reaction EX_nmn_e with default bounds for boundary metabolite: nmn_e.
Adding exchange reaction EX_no2_e with default bounds for boundary metabolite: no2_e.
Adding exchange reaction EX_no3_e with default bounds for boundary metabolite: no3_e.
Adding exchange reaction EX_no_e with default bounds for boundary metabolite: no_e.
Adding exchange reaction EX_novbcn_e with default bounds for boundary metabolite: novbcn_e.
Adding exchange reaction EX_o2_e with default bounds for boundary metabolite: o2_e.
Adding exchange reaction EX_o2s_e with default bounds for boundary metabolite: o2s_e.
Adding exchange reaction EX_oaa_e with default bounds for boundary metabolite: oaa_e.
Adding exchange reaction EX_ocdca_e with default bounds for boundary metabolite: ocdca_e.
Adding exchange reaction EX_ocdcea_e with default bounds for boundary metabolite: ocdcea_e.
Adding exchange reaction EX_octa_e with default bounds for boundary metabolite: octa_e.
Adding exchange reaction EX_orn_e with default bounds for boundary metabolite: orn_e.
Adding exchange reaction EX_orot_e with default bounds for boundary metabolite: orot_e.
Adding exchange reaction EX_oxa_e with default bounds for boundary metabolite: oxa_e.
Adding exchange reaction EX_pac_e with default bounds for boundary metabolite: pac_e.
Adding exchange reaction EX_pacald_e with default bounds for boundary metabolite: pacald_e.
Adding exchange reaction EX_peamn_e with default bounds for boundary metabolite: peamn_e.
Adding exchange reaction EX_peng_e with default bounds for boundary metabolite: peng_e.
Adding exchange reaction EX_phe__L_e with default bounds for boundary metabolite: phe__L_e.
Adding exchange reaction EX_pi_e with default bounds for boundary metabolite: pi_e.
Adding exchange reaction EX_pnto__R_e with default bounds for boundary metabolite: pnto__R_e.
Adding exchange reaction EX_ppa_e with default bounds for boundary metabolite: ppa_e.
Adding exchange reaction EX_ppal_e with default bounds for boundary metabolite: ppal_e.
Adding exchange reaction EX_pppn_e with default bounds for boundary metabolite: pppn_e.
Adding exchange reaction EX_ppt_e with default bounds for boundary metabolite: ppt_e.
Adding exchange reaction EX_pro__L_e with default bounds for boundary metabolite: pro__L_e.
Adding exchange reaction EX_progly_e with default bounds for boundary metabolite: progly_e.
Adding exchange reaction EX_psclys_e with default bounds for boundary metabolite: psclys_e.
Adding exchange reaction EX_pser__L_e with default bounds for boundary metabolite: pser__L_e.
Adding exchange reaction EX_psuri_e with default bounds for boundary metabolite: psuri_e.
Adding exchange reaction EX_ptrc_e with default bounds for boundary metabolite: ptrc_e.
Adding exchange reaction EX_pydam_e with default bounds for boundary metabolite: pydam_e.
Adding exchange reaction EX_pydx_e with default bounds for boundary metabolite: pydx_e.
Adding exchange reaction EX_pydxn_e with default bounds for boundary metabolite: pydxn_e.
Adding exchange reaction EX_pyovd_kt_e with default bounds for boundary metabolite: pyovd_kt_e.
Adding exchange reaction EX_pyr_e with default bounds for boundary metabolite: pyr_e.
Adding exchange reaction EX_quin_e with default bounds for boundary metabolite: quin_e.
Adding exchange reaction EX_r5p_e with default bounds for boundary metabolite: r5p_e.
Adding exchange reaction EX_raffin_e with default bounds for boundary metabolite: raffin_e.
Adding exchange reaction EX_rib__D_e with default bounds for boundary metabolite: rib__D_e.
Adding exchange reaction EX_rmn_e with default bounds for boundary metabolite: rmn_e.
Adding exchange reaction EX_rnam_e with default bounds for boundary metabolite: rnam_e.
Adding exchange reaction EX_s_e with default bounds for boundary metabolite: s_e.
Adding exchange reaction EX_sbt__D_e with default bounds for boundary metabolite: sbt__D_e.
Adding exchange reaction EX_sel_e with default bounds for boundary metabolite: sel_e.
Adding exchange reaction EX_ser__D_e with default bounds for boundary metabolite: ser__D_e.
Adding exchange reaction EX_ser__L_e with default bounds for boundary metabolite: ser__L_e.
Adding exchange reaction EX_skm_e with default bounds for boundary metabolite: skm_e.
Adding exchange reaction EX_slnt_e with default bounds for boundary metabolite: slnt_e.
Adding exchange reaction EX_so3_e with default bounds for boundary metabolite: so3_e.
Adding exchange reaction EX_so4_e with default bounds for boundary metabolite: so4_e.
Adding exchange reaction EX_spmd_e with default bounds for boundary metabolite: spmd_e.
Adding exchange reaction EX_succ_e with default bounds for boundary metabolite: succ_e.
Adding exchange reaction EX_sucr_e with default bounds for boundary metabolite: sucr_e.
Adding exchange reaction EX_sulfac_e with default bounds for boundary metabolite: sulfac_e.
Adding exchange reaction EX_tag__D_e with default bounds for boundary metabolite: tag__D_e.
Adding exchange reaction EX_tartr__D_e with default bounds for boundary metabolite: tartr__D_e.
Adding exchange reaction EX_tartr__L_e with default bounds for boundary metabolite: tartr__L_e.
Adding exchange reaction EX_taur_e with default bounds for boundary metabolite: taur_e.
Adding exchange reaction EX_tcynt_e with default bounds for boundary metabolite: tcynt_e.
Adding exchange reaction EX_tet_e with default bounds for boundary metabolite: tet_e.
Adding exchange reaction EX_tgt_e with default bounds for boundary metabolite: tgt_e.
Adding exchange reaction EX_thm_e with default bounds for boundary metabolite: thm_e.
Adding exchange reaction EX_thr__L_e with default bounds for boundary metabolite: thr__L_e.
Adding exchange reaction EX_thrp_e with default bounds for boundary metabolite: thrp_e.
Adding exchange reaction EX_thym_e with default bounds for boundary metabolite: thym_e.
Adding exchange reaction EX_thymd_e with default bounds for boundary metabolite: thymd_e.
Adding exchange reaction EX_tma_e with default bounds for boundary metabolite: tma_e.
Adding exchange reaction EX_tmao_e with default bounds for boundary metabolite: tmao_e.
Adding exchange reaction EX_tol_e with default bounds for boundary metabolite: tol_e.
Adding exchange reaction EX_tre_e with default bounds for boundary metabolite: tre_e.
Adding exchange reaction EX_trp__L_e with default bounds for boundary metabolite: trp__L_e.
Adding exchange reaction EX_tsul_e with default bounds for boundary metabolite: tsul_e.
Adding exchange reaction EX_ttdca_e with default bounds for boundary metabolite: ttdca_e.
Adding exchange reaction EX_ttdcea_e with default bounds for boundary metabolite: ttdcea_e.
Adding exchange reaction EX_tton_e with default bounds for boundary metabolite: tton_e.
Adding exchange reaction EX_ttrcyc_e with default bounds for boundary metabolite: ttrcyc_e.
Adding exchange reaction EX_tym_e with default bounds for boundary metabolite: tym_e.
Adding exchange reaction EX_tyr__L_e with default bounds for boundary metabolite: tyr__L_e.
Adding exchange reaction EX_tyrp_e with default bounds for boundary metabolite: tyrp_e.
Adding exchange reaction EX_uacgam_e with default bounds for boundary metabolite: uacgam_e.
Adding exchange reaction EX_udpacgal_e with default bounds for boundary metabolite: udpacgal_e.
Adding exchange reaction EX_udpg_e with default bounds for boundary metabolite: udpg_e.
Adding exchange reaction EX_udpgal_e with default bounds for boundary metabolite: udpgal_e.
Adding exchange reaction EX_udpglcur_e with default bounds for boundary metabolite: udpglcur_e.
Adding exchange reaction EX_ump_e with default bounds for boundary metabolite: ump_e.
Adding exchange reaction EX_ura_e with default bounds for boundary metabolite: ura_e.
Adding exchange reaction EX_urate_e with default bounds for boundary metabolite: urate_e.
Adding exchange reaction EX_urea_e with default bounds for boundary metabolite: urea_e.
Adding exchange reaction EX_uri_e with default bounds for boundary metabolite: uri_e.
Adding exchange reaction EX_val__L_e with default bounds for boundary metabolite: val__L_e.
Adding exchange reaction EX_xan_e with default bounds for boundary metabolite: xan_e.
Adding exchange reaction EX_xmp_e with default bounds for boundary metabolite: xmp_e.
Adding exchange reaction EX_xtsn_e with default bounds for boundary metabolite: xtsn_e.
Adding exchange reaction EX_xyl__D_e with default bounds for boundary metabolite: xyl__D_e.
Adding exchange reaction EX_xylu__L_e with default bounds for boundary metabolite: xylu__L_e.
Adding exchange reaction EX_zn2_e with default bounds for boundary metabolite: zn2_e.
Ignoring reaction 'EX_12ppd__R_e' since it already exists.
Ignoring reaction 'EX_12ppd__S_e' since it already exists.
Ignoring reaction 'EX_14glucan_e' since it already exists.
Ignoring reaction 'EX_15dap_e' since it already exists.
Ignoring reaction 'EX_23camp_e' since it already exists.
Ignoring reaction 'EX_23ccmp_e' since it already exists.
Ignoring reaction 'EX_23cgmp_e' since it already exists.
Ignoring reaction 'EX_23cump_e' since it already exists.
Ignoring reaction 'EX_23dappa_e' since it already exists.
Ignoring reaction 'EX_23dhbzs3_e' since it already exists.
Ignoring reaction 'EX_25dkglcn_e' since it already exists.
Ignoring reaction 'EX_26dap__M_e' since it already exists.
Ignoring reaction 'EX_2ddglcn_e' since it already exists.
Ignoring reaction 'EX_34dhpac_e' since it already exists.
Ignoring reaction 'EX_3amp_e' since it already exists.
Ignoring reaction 'EX_3cmp_e' since it already exists.
Ignoring reaction 'EX_3gmp_e' since it already exists.
Ignoring reaction 'EX_3hcinnm_e' since it already exists.
Ignoring reaction 'EX_3hpppn_e' since it already exists.
Ignoring reaction 'EX_3pg_e' since it already exists.
Ignoring reaction 'EX_3ump_e' since it already exists.
Ignoring reaction 'EX_4abut_e' since it already exists.
Ignoring reaction 'EX_4abzglu_e' since it already exists.
Ignoring reaction 'EX_4hbz_e' since it already exists.
Ignoring reaction 'EX_4hoxpacd_e' since it already exists.
Ignoring reaction 'EX_4hthr_e' since it already exists.
Ignoring reaction 'EX_5dglcn_e' since it already exists.
Ignoring reaction 'EX_6apa_e' since it already exists.
Ignoring reaction 'EX_LalaDgluMdapDala_e' since it already exists.
Ignoring reaction 'EX_LalaDgluMdap_e' since it already exists.
Ignoring reaction 'EX_LalaDglu_e' since it already exists.
Ignoring reaction 'EX_LalaLglu_e' since it already exists.
Ignoring reaction 'EX_R3hdec4e_e' since it already exists.
Ignoring reaction 'EX_ac_e' since it already exists.
Ignoring reaction 'EX_acac_e' since it already exists.
Ignoring reaction 'EX_acald_e' since it already exists.
Ignoring reaction 'EX_acgal1p_e' since it already exists.
Ignoring reaction 'EX_acgal_e' since it already exists.
Ignoring reaction 'EX_acgam1p_e' since it already exists.
Ignoring reaction 'EX_acgam_e' since it already exists.
Ignoring reaction 'EX_acmana_e' since it already exists.
Ignoring reaction 'EX_acmum_e' since it already exists.
Ignoring reaction 'EX_acnam_e' since it already exists.
Ignoring reaction 'EX_acon_C_e' since it already exists.
Ignoring reaction 'EX_acser_e' since it already exists.
Ignoring reaction 'EX_actn__R_e' since it already exists.
Ignoring reaction 'EX_ade_e' since it already exists.
Ignoring reaction 'EX_adn_e' since it already exists.
Ignoring reaction 'EX_agm_e' since it already exists.
Ignoring reaction 'EX_akg_e' since it already exists.
Ignoring reaction 'EX_ala_B_e' since it already exists.
Ignoring reaction 'EX_ala__D_e' since it already exists.
Ignoring reaction 'EX_ala__L_e' since it already exists.
Ignoring reaction 'EX_alaala_e' since it already exists.
Ignoring reaction 'EX_all__D_e' since it already exists.
Ignoring reaction 'EX_alltn_e' since it already exists.
Ignoring reaction 'EX_amp_e' since it already exists.
Ignoring reaction 'EX_anhgm_e' since it already exists.
Ignoring reaction 'EX_arab__D_e' since it already exists.
Ignoring reaction 'EX_arab__L_e' since it already exists.
Ignoring reaction 'EX_arbt_e' since it already exists.
Ignoring reaction 'EX_arg__L_e' since it already exists.
Ignoring reaction 'EX_ascb__L_e' since it already exists.
Ignoring reaction 'EX_asn__L_e' since it already exists.
Ignoring reaction 'EX_aso3_e' since it already exists.
Ignoring reaction 'EX_aso4_e' since it already exists.
Ignoring reaction 'EX_asp__L_e' since it already exists.
Ignoring reaction 'EX_but_e' since it already exists.
Ignoring reaction 'EX_butso3_e' since it already exists.
Ignoring reaction 'EX_bz_e' since it already exists.
Ignoring reaction 'EX_ca2_e' since it already exists.
Ignoring reaction 'EX_cellb_e' since it already exists.
Ignoring reaction 'EX_cgly_e' since it already exists.
Ignoring reaction 'EX_chol_e' since it already exists.
Ignoring reaction 'EX_chols_e' since it already exists.
Ignoring reaction 'EX_chtbs_e' since it already exists.
Ignoring reaction 'EX_cit_e' since it already exists.
Ignoring reaction 'EX_cl_e' since it already exists.
Ignoring reaction 'EX_cmcbtt_e' since it already exists.
Ignoring reaction 'EX_cmp_e' since it already exists.
Ignoring reaction 'EX_co2_e' since it already exists.
Ignoring reaction 'EX_co_e' since it already exists.
Ignoring reaction 'EX_cobalt2_e' since it already exists.
Ignoring reaction 'EX_cpgn_e' since it already exists.
Ignoring reaction 'EX_cpgn_un_e' since it already exists.
Ignoring reaction 'EX_crn_e' since it already exists.
Ignoring reaction 'EX_csn_e' since it already exists.
Ignoring reaction 'EX_ctbt_e' since it already exists.
Ignoring reaction 'EX_cu2_e' since it already exists.
Ignoring reaction 'EX_cu_e' since it already exists.
Ignoring reaction 'EX_cyan_e' since it already exists.
Ignoring reaction 'EX_cynt_e' since it already exists.
Ignoring reaction 'EX_cys__D_e' since it already exists.
Ignoring reaction 'EX_cys__L_e' since it already exists.
Ignoring reaction 'EX_cytd_e' since it already exists.
Ignoring reaction 'EX_dad_2_e' since it already exists.
Ignoring reaction 'EX_damp_e' since it already exists.
Ignoring reaction 'EX_dca_e' since it already exists.
Ignoring reaction 'EX_dcmp_e' since it already exists.
Ignoring reaction 'EX_dcyt_e' since it already exists.
Ignoring reaction 'EX_ddca_e' since it already exists.
Ignoring reaction 'EX_dgmp_e' since it already exists.
Ignoring reaction 'EX_dgsn_e' since it already exists.
Ignoring reaction 'EX_dha_e' since it already exists.
Ignoring reaction 'EX_dimp_e' since it already exists.
Ignoring reaction 'EX_din_e' since it already exists.
Ignoring reaction 'EX_dms_e' since it already exists.
Ignoring reaction 'EX_dmso_e' since it already exists.
Ignoring reaction 'EX_dopa_e' since it already exists.
Ignoring reaction 'EX_dtmp_e' since it already exists.
Ignoring reaction 'EX_dump_e' since it already exists.
Ignoring reaction 'EX_duri_e' since it already exists.
Ignoring reaction 'EX_dxyl_e' since it already exists.
Ignoring reaction 'EX_dxylnt_e' since it already exists.
Ignoring reaction 'EX_enter_e' since it already exists.
Ignoring reaction 'EX_etha_e' since it already exists.
Ignoring reaction 'EX_ethso3_e' since it already exists.
Ignoring reaction 'EX_etoh_e' since it already exists.
Ignoring reaction 'EX_f6p_e' since it already exists.
Ignoring reaction 'EX_fad_e' since it already exists.
Ignoring reaction 'EX_fald_e' since it already exists.
Ignoring reaction 'EX_fcmcbtt_e' since it already exists.
Ignoring reaction 'EX_fe2_e' since it already exists.
Ignoring reaction 'EX_fe3_e' since it already exists.
Ignoring reaction 'EX_fe3dcit_e' since it already exists.
Ignoring reaction 'EX_fe3dhbzs3_e' since it already exists.
Ignoring reaction 'EX_fe3dhbzs_e' since it already exists.
Ignoring reaction 'EX_fe3hox_e' since it already exists.
Ignoring reaction 'EX_fe3hox_un_e' since it already exists.
Ignoring reaction 'EX_fe3pyovd_kt_e' since it already exists.
Ignoring reaction 'EX_feenter_e' since it already exists.
Ignoring reaction 'EX_feoxam_e' since it already exists.
Ignoring reaction 'EX_feoxam_un_e' since it already exists.
Ignoring reaction 'EX_fmn_e' since it already exists.
Ignoring reaction 'EX_for_e' since it already exists.
Ignoring reaction 'EX_frmd_e' since it already exists.
Ignoring reaction 'EX_fru_e' since it already exists.
Ignoring reaction 'EX_frulys_e' since it already exists.
Ignoring reaction 'EX_fruur_e' since it already exists.
Ignoring reaction 'EX_fuc__L_e' since it already exists.
Ignoring reaction 'EX_fum_e' since it already exists.
Ignoring reaction 'EX_g1p_e' since it already exists.
Ignoring reaction 'EX_g3pc_e' since it already exists.
Ignoring reaction 'EX_g3pe_e' since it already exists.
Ignoring reaction 'EX_g3pg_e' since it already exists.
Ignoring reaction 'EX_g3pi_e' since it already exists.
Ignoring reaction 'EX_g3ps_e' since it already exists.
Ignoring reaction 'EX_g6p_e' since it already exists.
Ignoring reaction 'EX_gal1p_e' since it already exists.
Ignoring reaction 'EX_gal_bD_e' since it already exists.
Ignoring reaction 'EX_gal_e' since it already exists.
Ignoring reaction 'EX_galam_e' since it already exists.
Ignoring reaction 'EX_galct__D_e' since it already exists.
Ignoring reaction 'EX_galctn__D_e' since it already exists.
Ignoring reaction 'EX_galctn__L_e' since it already exists.
Ignoring reaction 'EX_galt_e' since it already exists.
Ignoring reaction 'EX_galur_e' since it already exists.
Ignoring reaction 'EX_gam6p_e' since it already exists.
Ignoring reaction 'EX_gam_e' since it already exists.
Ignoring reaction 'EX_gdp_e' since it already exists.
Ignoring reaction 'EX_glc__D_e' since it already exists.
Ignoring reaction 'EX_glcn_e' since it already exists.
Ignoring reaction 'EX_glcr_e' since it already exists.
Ignoring reaction 'EX_glcur1p_e' since it already exists.
Ignoring reaction 'EX_glcur_e' since it already exists.
Ignoring reaction 'EX_gln__L_e' since it already exists.
Ignoring reaction 'EX_glu__L_e' since it already exists.
Ignoring reaction 'EX_gly_e' since it already exists.
Ignoring reaction 'EX_glyald_e' since it already exists.
Ignoring reaction 'EX_glyb_e' since it already exists.
Ignoring reaction 'EX_glyc2p_e' since it already exists.
Ignoring reaction 'EX_glyc3p_e' since it already exists.
Ignoring reaction 'EX_glyc__R_e' since it already exists.
Ignoring reaction 'EX_glyc_e' since it already exists.
Ignoring reaction 'EX_glyclt_e' since it already exists.
Ignoring reaction 'EX_gmp_e' since it already exists.
Ignoring reaction 'EX_gsn_e' since it already exists.
Ignoring reaction 'EX_gthrd_e' since it already exists.
Ignoring reaction 'EX_gtp_e' since it already exists.
Ignoring reaction 'EX_gua_e' since it already exists.
Ignoring reaction 'EX_h2_e' since it already exists.
Ignoring reaction 'EX_h2o2_e' since it already exists.
Ignoring reaction 'EX_h2o_e' since it already exists.
Ignoring reaction 'EX_h2s_e' since it already exists.
Ignoring reaction 'EX_h_e' since it already exists.
Ignoring reaction 'EX_hdca_e' since it already exists.
Ignoring reaction 'EX_hdcea_e' since it already exists.
Ignoring reaction 'EX_his__L_e' since it already exists.
Ignoring reaction 'EX_hom__L_e' since it already exists.
Ignoring reaction 'EX_hqn_e' since it already exists.
Ignoring reaction 'EX_hxa_e' since it already exists.
Ignoring reaction 'EX_hxan_e' since it already exists.
Ignoring reaction 'EX_icit_e' since it already exists.
Ignoring reaction 'EX_idon__L_e' since it already exists.
Ignoring reaction 'EX_ile__L_e' since it already exists.
Ignoring reaction 'EX_imp_e' since it already exists.
Ignoring reaction 'EX_indole_e' since it already exists.
Ignoring reaction 'EX_inost_e' since it already exists.
Ignoring reaction 'EX_ins_e' since it already exists.
Ignoring reaction 'EX_isetac_e' since it already exists.
Ignoring reaction 'EX_k_e' since it already exists.
Ignoring reaction 'EX_lac__D_e' since it already exists.
Ignoring reaction 'EX_lac__L_e' since it already exists.
Ignoring reaction 'EX_lcts_e' since it already exists.
Ignoring reaction 'EX_leu__L_e' since it already exists.
Ignoring reaction 'EX_lipoate_e' since it already exists.
Ignoring reaction 'EX_lys__L_e' since it already exists.
Ignoring reaction 'EX_lyx__L_e' since it already exists.
Ignoring reaction 'EX_mal__D_e' since it already exists.
Ignoring reaction 'EX_mal__L_e' since it already exists.
Ignoring reaction 'EX_malt_e' since it already exists.
Ignoring reaction 'EX_malthp_e' since it already exists.
Ignoring reaction 'EX_malthx_e' since it already exists.
Ignoring reaction 'EX_maltpt_e' since it already exists.
Ignoring reaction 'EX_malttr_e' since it already exists.
Ignoring reaction 'EX_maltttr_e' since it already exists.
Ignoring reaction 'EX_man6p_e' since it already exists.
Ignoring reaction 'EX_man_e' since it already exists.
Ignoring reaction 'EX_manglyc_e' since it already exists.
Ignoring reaction 'EX_melib_e' since it already exists.
Ignoring reaction 'EX_meoh_e' since it already exists.
Ignoring reaction 'EX_met__D_e' since it already exists.
Ignoring reaction 'EX_met__L_e' since it already exists.
Ignoring reaction 'EX_metglcur_e' since it already exists.
Ignoring reaction 'EX_metsox_R__L_e' since it already exists.
Ignoring reaction 'EX_metsox_S__L_e' since it already exists.
Ignoring reaction 'EX_mg2_e' since it already exists.
Ignoring reaction 'EX_minohp_e' since it already exists.
Ignoring reaction 'EX_mmet_e' since it already exists.
Ignoring reaction 'EX_mn2_e' since it already exists.
Ignoring reaction 'EX_mnl_e' since it already exists.
Ignoring reaction 'EX_mobd_e' since it already exists.
Ignoring reaction 'EX_mso3_e' since it already exists.
Ignoring reaction 'EX_mththf_e' since it already exists.
Ignoring reaction 'EX_n2o_e' since it already exists.
Ignoring reaction 'EX_nac_e' since it already exists.
Ignoring reaction 'EX_nh4_e' since it already exists.
Ignoring reaction 'EX_nmn_e' since it already exists.
Ignoring reaction 'EX_no2_e' since it already exists.
Ignoring reaction 'EX_no3_e' since it already exists.
Ignoring reaction 'EX_no_e' since it already exists.
Ignoring reaction 'EX_o2_e' since it already exists.
Ignoring reaction 'EX_o2s_e' since it already exists.
Ignoring reaction 'EX_oaa_e' since it already exists.
Ignoring reaction 'EX_ocdca_e' since it already exists.
Ignoring reaction 'EX_ocdcea_e' since it already exists.
Ignoring reaction 'EX_octa_e' since it already exists.
Ignoring reaction 'EX_orn_e' since it already exists.
Ignoring reaction 'EX_orot_e' since it already exists.
Ignoring reaction 'EX_oxa_e' since it already exists.
Ignoring reaction 'EX_pac_e' since it already exists.
Ignoring reaction 'EX_pacald_e' since it already exists.
Ignoring reaction 'EX_peamn_e' since it already exists.
Ignoring reaction 'EX_peng_e' since it already exists.
Ignoring reaction 'EX_phe__L_e' since it already exists.
Ignoring reaction 'EX_pi_e' since it already exists.
Ignoring reaction 'EX_pnto__R_e' since it already exists.
Ignoring reaction 'EX_ppa_e' since it already exists.
Ignoring reaction 'EX_ppal_e' since it already exists.
Ignoring reaction 'EX_pppn_e' since it already exists.
Ignoring reaction 'EX_ppt_e' since it already exists.
Ignoring reaction 'EX_pro__L_e' since it already exists.
Ignoring reaction 'EX_progly_e' since it already exists.
Ignoring reaction 'EX_psclys_e' since it already exists.
Ignoring reaction 'EX_pser__L_e' since it already exists.
Ignoring reaction 'EX_psuri_e' since it already exists.
Ignoring reaction 'EX_ptrc_e' since it already exists.
Ignoring reaction 'EX_pydam_e' since it already exists.
Ignoring reaction 'EX_pydx_e' since it already exists.
Ignoring reaction 'EX_pydxn_e' since it already exists.
Ignoring reaction 'EX_pyovd_kt_e' since it already exists.
Ignoring reaction 'EX_pyr_e' since it already exists.
Ignoring reaction 'EX_quin_e' since it already exists.
Ignoring reaction 'EX_r5p_e' since it already exists.
Ignoring reaction 'EX_raffin_e' since it already exists.
Ignoring reaction 'EX_rib__D_e' since it already exists.
Ignoring reaction 'EX_rmn_e' since it already exists.
Ignoring reaction 'EX_rnam_e' since it already exists.
Ignoring reaction 'EX_s_e' since it already exists.
Ignoring reaction 'EX_sbt__D_e' since it already exists.
Ignoring reaction 'EX_sel_e' since it already exists.
Ignoring reaction 'EX_ser__D_e' since it already exists.
Ignoring reaction 'EX_ser__L_e' since it already exists.
Ignoring reaction 'EX_skm_e' since it already exists.
Ignoring reaction 'EX_slnt_e' since it already exists.
Ignoring reaction 'EX_so3_e' since it already exists.
Ignoring reaction 'EX_so4_e' since it already exists.
Ignoring reaction 'EX_spmd_e' since it already exists.
Ignoring reaction 'EX_succ_e' since it already exists.
Ignoring reaction 'EX_sucr_e' since it already exists.
Ignoring reaction 'EX_sulfac_e' since it already exists.
Ignoring reaction 'EX_tag__D_e' since it already exists.
Ignoring reaction 'EX_tartr__D_e' since it already exists.
Ignoring reaction 'EX_tartr__L_e' since it already exists.
Ignoring reaction 'EX_taur_e' since it already exists.
Ignoring reaction 'EX_tcynt_e' since it already exists.
Ignoring reaction 'EX_tet_e' since it already exists.
Ignoring reaction 'EX_tgt_e' since it already exists.
Ignoring reaction 'EX_thm_e' since it already exists.
Ignoring reaction 'EX_thr__L_e' since it already exists.
Ignoring reaction 'EX_thrp_e' since it already exists.
Ignoring reaction 'EX_thym_e' since it already exists.
Ignoring reaction 'EX_thymd_e' since it already exists.
Ignoring reaction 'EX_tma_e' since it already exists.
Ignoring reaction 'EX_tmao_e' since it already exists.
Ignoring reaction 'EX_tol_e' since it already exists.
Ignoring reaction 'EX_tre_e' since it already exists.
Ignoring reaction 'EX_trp__L_e' since it already exists.
Ignoring reaction 'EX_tsul_e' since it already exists.
Ignoring reaction 'EX_ttdca_e' since it already exists.
Ignoring reaction 'EX_ttdcea_e' since it already exists.
Ignoring reaction 'EX_tton_e' since it already exists.
Ignoring reaction 'EX_tym_e' since it already exists.
Ignoring reaction 'EX_tyr__L_e' since it already exists.
Ignoring reaction 'EX_tyrp_e' since it already exists.
Ignoring reaction 'EX_uacgam_e' since it already exists.
Ignoring reaction 'EX_udpacgal_e' since it already exists.
Ignoring reaction 'EX_udpg_e' since it already exists.
Ignoring reaction 'EX_udpgal_e' since it already exists.
Ignoring reaction 'EX_udpglcur_e' since it already exists.
Ignoring reaction 'EX_ump_e' since it already exists.
Ignoring reaction 'EX_ura_e' since it already exists.
Ignoring reaction 'EX_urate_e' since it already exists.
Ignoring reaction 'EX_urea_e' since it already exists.
Ignoring reaction 'EX_uri_e' since it already exists.
Ignoring reaction 'EX_val__L_e' since it already exists.
Ignoring reaction 'EX_xan_e' since it already exists.
Ignoring reaction 'EX_xmp_e' since it already exists.
Ignoring reaction 'EX_xtsn_e' since it already exists.
Ignoring reaction 'EX_xyl__D_e' since it already exists.
Ignoring reaction 'EX_xylu__L_e' since it already exists.
Ignoring reaction 'EX_zn2_e' since it already exists.
/mnt/data/sur/modules/pkgs/COMETS/2.12.3/lib/cometspy-master/cometspy/model.py:667: FutureWarning: Calling int on a single element Series is deprecated and will raise a TypeError in the future. Use int(ser.iloc[0]) instead
  self.objective = [int(self.reactions[self.reactions.
/mnt/data/sur/modules/pkgs/COMETS/2.12.3/lib/cometspy-master/cometspy/layout.py:1425: FutureWarning: The behavior of DataFrame concatenation with empty or all-NA entries is deprecated. In a future version, this will no longer exclude empty or all-NA columns when determining the result dtypes. To retain the old behavior, exclude the relevant entries before the concat operation.
  self.media = pd.concat([self.media, new_row],
/mnt/data/sur/modules/pkgs/COMETS/2.12.3/lib/cometspy-master/cometspy/comets.py:458: FutureWarning: The 'delim_whitespace' keyword in pd.read_csv is deprecated and will be removed in a future version. Use ``sep='\s+'`` instead
  self.fluxes = pd.read_csv(self.working_dir + self.parameters.all_params['FluxLogName'],
/mnt/data/sur/modules/pkgs/COMETS/2.12.3/lib/cometspy-master/cometspy/comets.py:472: FutureWarning: The 'delim_whitespace' keyword in pd.read_csv is deprecated and will be removed in a future version. Use ``sep='\s+'`` instead
  self.media = pd.read_csv(self.working_dir + self.parameters.all_params[
/mnt/data/sur/modules/pkgs/COMETS/2.12.3/lib/cometspy-master/cometspy/comets.py:808: FutureWarning: The provided callable <built-in function sum> is currently using DataFrameGroupBy.sum. In a future version of pandas, the provided callable will be used directly. To keep current behavior pass the string "sum" instead.
  fluxes = fluxes.groupby(by = "cycle").agg(func = sum).reset_index().drop(columns = ["x", "y"])
