Adding exchange reaction EX_2dhglcn_e with default bounds for boundary metabolite: 2dhglcn_e.
Adding exchange reaction EX_2hxmp_e with default bounds for boundary metabolite: 2hxmp_e.
Adding exchange reaction EX_2pglyc_e with default bounds for boundary metabolite: 2pglyc_e.
Adding exchange reaction EX_3amp_e with default bounds for boundary metabolite: 3amp_e.
Adding exchange reaction EX_3cmp_e with default bounds for boundary metabolite: 3cmp_e.
Adding exchange reaction EX_3ump_e with default bounds for boundary metabolite: 3ump_e.
Adding exchange reaction EX_4abut_e with default bounds for boundary metabolite: 4abut_e.
Adding exchange reaction EX_4ahmmp_e with default bounds for boundary metabolite: 4ahmmp_e.
Adding exchange reaction EX_4hba_e with default bounds for boundary metabolite: 4hba_e.
Adding exchange reaction EX_LalaDgluMdapDala_e with default bounds for boundary metabolite: LalaDgluMdapDala_e.
Adding exchange reaction EX_LalaLglu_e with default bounds for boundary metabolite: LalaLglu_e.
Adding exchange reaction EX_Larab_e with default bounds for boundary metabolite: Larab_e.
Adding exchange reaction EX_Lcyst_e with default bounds for boundary metabolite: Lcyst_e.
Adding exchange reaction EX_abt__L_e with default bounds for boundary metabolite: abt__L_e.
Adding exchange reaction EX_ac_e with default bounds for boundary metabolite: ac_e.
Adding exchange reaction EX_acald_e with default bounds for boundary metabolite: acald_e.
Adding exchange reaction EX_acgam_e with default bounds for boundary metabolite: acgam_e.
Adding exchange reaction EX_acmana_e with default bounds for boundary metabolite: acmana_e.
Adding exchange reaction EX_actn__R_e with default bounds for boundary metabolite: actn__R_e.
Adding exchange reaction EX_agm_e with default bounds for boundary metabolite: agm_e.
Adding exchange reaction EX_ala_B_e with default bounds for boundary metabolite: ala_B_e.
Adding exchange reaction EX_ala_L_asp__L_e with default bounds for boundary metabolite: ala_L_asp__L_e.
Adding exchange reaction EX_ala_L_glu__L_e with default bounds for boundary metabolite: ala_L_glu__L_e.
Adding exchange reaction EX_ala_L_thr__L_e with default bounds for boundary metabolite: ala_L_thr__L_e.
Adding exchange reaction EX_ala__D_e with default bounds for boundary metabolite: ala__D_e.
Adding exchange reaction EX_ala__L_e with default bounds for boundary metabolite: ala__L_e.
Adding exchange reaction EX_ala_gln_e with default bounds for boundary metabolite: ala_gln_e.
Adding exchange reaction EX_ala_his_e with default bounds for boundary metabolite: ala_his_e.
Adding exchange reaction EX_ala_leu_e with default bounds for boundary metabolite: ala_leu_e.
Adding exchange reaction EX_alaala_e with default bounds for boundary metabolite: alaala_e.
Adding exchange reaction EX_alagly_e with default bounds for boundary metabolite: alagly_e.
Adding exchange reaction EX_alahis_e with default bounds for boundary metabolite: alahis_e.
Adding exchange reaction EX_alaleu_e with default bounds for boundary metabolite: alaleu_e.
Adding exchange reaction EX_alathr_e with default bounds for boundary metabolite: alathr_e.
Adding exchange reaction EX_alatrp_e with default bounds for boundary metabolite: alatrp_e.
Adding exchange reaction EX_anhgm_e with default bounds for boundary metabolite: anhgm_e.
Adding exchange reaction EX_arab__L_e with default bounds for boundary metabolite: arab__L_e.
Adding exchange reaction EX_arbt_e with default bounds for boundary metabolite: arbt_e.
Adding exchange reaction EX_arg__L_e with default bounds for boundary metabolite: arg__L_e.
Adding exchange reaction EX_asn__L_e with default bounds for boundary metabolite: asn__L_e.
Adding exchange reaction EX_asp__L_e with default bounds for boundary metabolite: asp__L_e.
Adding exchange reaction EX_buts_e with default bounds for boundary metabolite: buts_e.
Adding exchange reaction EX_ca2_e with default bounds for boundary metabolite: ca2_e.
Adding exchange reaction EX_cd2_e with default bounds for boundary metabolite: cd2_e.
Adding exchange reaction EX_cellb_e with default bounds for boundary metabolite: cellb_e.
Adding exchange reaction EX_cgly_e with default bounds for boundary metabolite: cgly_e.
Adding exchange reaction EX_chol_e with default bounds for boundary metabolite: chol_e.
Adding exchange reaction EX_chols_e with default bounds for boundary metabolite: chols_e.
Adding exchange reaction EX_cit_e with default bounds for boundary metabolite: cit_e.
Adding exchange reaction EX_cl_e with default bounds for boundary metabolite: cl_e.
Adding exchange reaction EX_co2_e with default bounds for boundary metabolite: co2_e.
Adding exchange reaction EX_co_e with default bounds for boundary metabolite: co_e.
Adding exchange reaction EX_cobalt2_e with default bounds for boundary metabolite: cobalt2_e.
Adding exchange reaction EX_cro4_e with default bounds for boundary metabolite: cro4_e.
Adding exchange reaction EX_cu2_e with default bounds for boundary metabolite: cu2_e.
Adding exchange reaction EX_cu_e with default bounds for boundary metabolite: cu_e.
Adding exchange reaction EX_cys__L_e with default bounds for boundary metabolite: cys__L_e.
Adding exchange reaction EX_cytd_e with default bounds for boundary metabolite: cytd_e.
Adding exchange reaction EX_dcyt_e with default bounds for boundary metabolite: dcyt_e.
Adding exchange reaction EX_drib_e with default bounds for boundary metabolite: drib_e.
Adding exchange reaction EX_eths_e with default bounds for boundary metabolite: eths_e.
Adding exchange reaction EX_etoh_e with default bounds for boundary metabolite: etoh_e.
Adding exchange reaction EX_fald_e with default bounds for boundary metabolite: fald_e.
Adding exchange reaction EX_fe2_e with default bounds for boundary metabolite: fe2_e.
Adding exchange reaction EX_fe3_e with default bounds for boundary metabolite: fe3_e.
Adding exchange reaction EX_fe3dcit_e with default bounds for boundary metabolite: fe3dcit_e.
Adding exchange reaction EX_fe3pyovd_kt_e with default bounds for boundary metabolite: fe3pyovd_kt_e.
Adding exchange reaction EX_fol_e with default bounds for boundary metabolite: fol_e.
Adding exchange reaction EX_for_e with default bounds for boundary metabolite: for_e.
Adding exchange reaction EX_fru_e with default bounds for boundary metabolite: fru_e.
Adding exchange reaction EX_fum_e with default bounds for boundary metabolite: fum_e.
Adding exchange reaction EX_g3pc_e with default bounds for boundary metabolite: g3pc_e.
Adding exchange reaction EX_g3pg_e with default bounds for boundary metabolite: g3pg_e.
Adding exchange reaction EX_g3ps_e with default bounds for boundary metabolite: g3ps_e.
Adding exchange reaction EX_gal_e with default bounds for boundary metabolite: gal_e.
Adding exchange reaction EX_galt_e with default bounds for boundary metabolite: galt_e.
Adding exchange reaction EX_galur_e with default bounds for boundary metabolite: galur_e.
Adding exchange reaction EX_gam_e with default bounds for boundary metabolite: gam_e.
Adding exchange reaction EX_glc__D_e with default bounds for boundary metabolite: glc__D_e.
Adding exchange reaction EX_glcn__D_e with default bounds for boundary metabolite: glcn__D_e.
Adding exchange reaction EX_glcn_e with default bounds for boundary metabolite: glcn_e.
Adding exchange reaction EX_glcr_e with default bounds for boundary metabolite: glcr_e.
Adding exchange reaction EX_glcur_e with default bounds for boundary metabolite: glcur_e.
Adding exchange reaction EX_gln__L_e with default bounds for boundary metabolite: gln__L_e.
Adding exchange reaction EX_glu__L_e with default bounds for boundary metabolite: glu__L_e.
Adding exchange reaction EX_gly_asn__L_e with default bounds for boundary metabolite: gly_asn__L_e.
Adding exchange reaction EX_gly_asp__L_e with default bounds for boundary metabolite: gly_asp__L_e.
Adding exchange reaction EX_gly_cys_e with default bounds for boundary metabolite: gly_cys_e.
Adding exchange reaction EX_gly_e with default bounds for boundary metabolite: gly_e.
Adding exchange reaction EX_gly_gln_e with default bounds for boundary metabolite: gly_gln_e.
Adding exchange reaction EX_gly_glu__L_e with default bounds for boundary metabolite: gly_glu__L_e.
Adding exchange reaction EX_gly_leu_e with default bounds for boundary metabolite: gly_leu_e.
Adding exchange reaction EX_gly_met_e with default bounds for boundary metabolite: gly_met_e.
Adding exchange reaction EX_gly_phe_e with default bounds for boundary metabolite: gly_phe_e.
Adding exchange reaction EX_gly_pro__L_e with default bounds for boundary metabolite: gly_pro__L_e.
Adding exchange reaction EX_gly_tyr_e with default bounds for boundary metabolite: gly_tyr_e.
Adding exchange reaction EX_glyald_e with default bounds for boundary metabolite: glyald_e.
Adding exchange reaction EX_glyb_e with default bounds for boundary metabolite: glyb_e.
Adding exchange reaction EX_glyc3p_e with default bounds for boundary metabolite: glyc3p_e.
Adding exchange reaction EX_glyc__R_e with default bounds for boundary metabolite: glyc__R_e.
Adding exchange reaction EX_glyc_e with default bounds for boundary metabolite: glyc_e.
Adding exchange reaction EX_glyclt_e with default bounds for boundary metabolite: glyclt_e.
Adding exchange reaction EX_glygln_e with default bounds for boundary metabolite: glygln_e.
Adding exchange reaction EX_glyglu_e with default bounds for boundary metabolite: glyglu_e.
Adding exchange reaction EX_glyglygln_e with default bounds for boundary metabolite: glyglygln_e.
Adding exchange reaction EX_glymet_e with default bounds for boundary metabolite: glymet_e.
Adding exchange reaction EX_glyphe_e with default bounds for boundary metabolite: glyphe_e.
Adding exchange reaction EX_glyser_e with default bounds for boundary metabolite: glyser_e.
Adding exchange reaction EX_gthox_e with default bounds for boundary metabolite: gthox_e.
Adding exchange reaction EX_gthrd_e with default bounds for boundary metabolite: gthrd_e.
Adding exchange reaction EX_gua_e with default bounds for boundary metabolite: gua_e.
Adding exchange reaction EX_h2_e with default bounds for boundary metabolite: h2_e.
Adding exchange reaction EX_h2o2_e with default bounds for boundary metabolite: h2o2_e.
Adding exchange reaction EX_h2o_e with default bounds for boundary metabolite: h2o_e.
Adding exchange reaction EX_h2s_e with default bounds for boundary metabolite: h2s_e.
Adding exchange reaction EX_h_e with default bounds for boundary metabolite: h_e.
Adding exchange reaction EX_hexs_e with default bounds for boundary metabolite: hexs_e.
Adding exchange reaction EX_his__L_e with default bounds for boundary metabolite: his__L_e.
Adding exchange reaction EX_hisgly_e with default bounds for boundary metabolite: hisgly_e.
Adding exchange reaction EX_hishis_e with default bounds for boundary metabolite: hishis_e.
Adding exchange reaction EX_hqn_e with default bounds for boundary metabolite: hqn_e.
Adding exchange reaction EX_hxan_e with default bounds for boundary metabolite: hxan_e.
Adding exchange reaction EX_icit_e with default bounds for boundary metabolite: icit_e.
Adding exchange reaction EX_ile__L_e with default bounds for boundary metabolite: ile__L_e.
Adding exchange reaction EX_inost_e with default bounds for boundary metabolite: inost_e.
Adding exchange reaction EX_isetac_e with default bounds for boundary metabolite: isetac_e.
Adding exchange reaction EX_istfrnA_e with default bounds for boundary metabolite: istfrnA_e.
Adding exchange reaction EX_istfrnB_e with default bounds for boundary metabolite: istfrnB_e.
Adding exchange reaction EX_istnt_e with default bounds for boundary metabolite: istnt_e.
Adding exchange reaction EX_k_e with default bounds for boundary metabolite: k_e.
Adding exchange reaction EX_lac__L_e with default bounds for boundary metabolite: lac__L_e.
Adding exchange reaction EX_lcts_e with default bounds for boundary metabolite: lcts_e.
Adding exchange reaction EX_leu__L_e with default bounds for boundary metabolite: leu__L_e.
Adding exchange reaction EX_leuleu_e with default bounds for boundary metabolite: leuleu_e.
Adding exchange reaction EX_lipoate_e with default bounds for boundary metabolite: lipoate_e.
Adding exchange reaction EX_lys__L_e with default bounds for boundary metabolite: lys__L_e.
Adding exchange reaction EX_lysglugly_e with default bounds for boundary metabolite: lysglugly_e.
Adding exchange reaction EX_madg_e with default bounds for boundary metabolite: madg_e.
Adding exchange reaction EX_mal__D_e with default bounds for boundary metabolite: mal__D_e.
Adding exchange reaction EX_mal__L_e with default bounds for boundary metabolite: mal__L_e.
Adding exchange reaction EX_malt_e with default bounds for boundary metabolite: malt_e.
Adding exchange reaction EX_man6pglyc_e with default bounds for boundary metabolite: man6pglyc_e.
Adding exchange reaction EX_man_e with default bounds for boundary metabolite: man_e.
Adding exchange reaction EX_mbdg_e with default bounds for boundary metabolite: mbdg_e.
Adding exchange reaction EX_meoh_e with default bounds for boundary metabolite: meoh_e.
Adding exchange reaction EX_met_L_ala__L_e with default bounds for boundary metabolite: met_L_ala__L_e.
Adding exchange reaction EX_met__D_e with default bounds for boundary metabolite: met__D_e.
Adding exchange reaction EX_met__L_e with default bounds for boundary metabolite: met__L_e.
Adding exchange reaction EX_metox__R_e with default bounds for boundary metabolite: metox__R_e.
Adding exchange reaction EX_metox_e with default bounds for boundary metabolite: metox_e.
Adding exchange reaction EX_mg2_e with default bounds for boundary metabolite: mg2_e.
Adding exchange reaction EX_mmet_e with default bounds for boundary metabolite: mmet_e.
Adding exchange reaction EX_mn2_e with default bounds for boundary metabolite: mn2_e.
Adding exchange reaction EX_mnl_e with default bounds for boundary metabolite: mnl_e.
Adding exchange reaction EX_mobd_e with default bounds for boundary metabolite: mobd_e.
Adding exchange reaction EX_mso3_e with default bounds for boundary metabolite: mso3_e.
Adding exchange reaction EX_mththf_e with default bounds for boundary metabolite: mththf_e.
Adding exchange reaction EX_na1_e with default bounds for boundary metabolite: na1_e.
Adding exchange reaction EX_nac_e with default bounds for boundary metabolite: nac_e.
Adding exchange reaction EX_nh4_e with default bounds for boundary metabolite: nh4_e.
Adding exchange reaction EX_ni2_e with default bounds for boundary metabolite: ni2_e.
Adding exchange reaction EX_no2_e with default bounds for boundary metabolite: no2_e.
Adding exchange reaction EX_no3_e with default bounds for boundary metabolite: no3_e.
Adding exchange reaction EX_o2_e with default bounds for boundary metabolite: o2_e.
Adding exchange reaction EX_ocdcea_e with default bounds for boundary metabolite: ocdcea_e.
Adding exchange reaction EX_orn__L_e with default bounds for boundary metabolite: orn__L_e.
Adding exchange reaction EX_orn_e with default bounds for boundary metabolite: orn_e.
Adding exchange reaction EX_oxa_e with default bounds for boundary metabolite: oxa_e.
Adding exchange reaction EX_phe__L_e with default bounds for boundary metabolite: phe__L_e.
Adding exchange reaction EX_pheme_e with default bounds for boundary metabolite: pheme_e.
Adding exchange reaction EX_pi_e with default bounds for boundary metabolite: pi_e.
Adding exchange reaction EX_pnto__R_e with default bounds for boundary metabolite: pnto__R_e.
Adding exchange reaction EX_ppoh_e with default bounds for boundary metabolite: ppoh_e.
Adding exchange reaction EX_pro__L_e with default bounds for boundary metabolite: pro__L_e.
Adding exchange reaction EX_progly_e with default bounds for boundary metabolite: progly_e.
Adding exchange reaction EX_prohisglu_e with default bounds for boundary metabolite: prohisglu_e.
Adding exchange reaction EX_ptrc_e with default bounds for boundary metabolite: ptrc_e.
Adding exchange reaction EX_pyovd_kt_e with default bounds for boundary metabolite: pyovd_kt_e.
Adding exchange reaction EX_raffin_e with default bounds for boundary metabolite: raffin_e.
Adding exchange reaction EX_rib__D_e with default bounds for boundary metabolite: rib__D_e.
Adding exchange reaction EX_ribflv_e with default bounds for boundary metabolite: ribflv_e.
Adding exchange reaction EX_salchs4_e with default bounds for boundary metabolite: salchs4_e.
Adding exchange reaction EX_salchs4fe_e with default bounds for boundary metabolite: salchs4fe_e.
Adding exchange reaction EX_salcn_e with default bounds for boundary metabolite: salcn_e.
Adding exchange reaction EX_sbt__D_e with default bounds for boundary metabolite: sbt__D_e.
Adding exchange reaction EX_ser__D_e with default bounds for boundary metabolite: ser__D_e.
Adding exchange reaction EX_ser__L_e with default bounds for boundary metabolite: ser__L_e.
Adding exchange reaction EX_serglugly_e with default bounds for boundary metabolite: serglugly_e.
Adding exchange reaction EX_so3_e with default bounds for boundary metabolite: so3_e.
Adding exchange reaction EX_so4_e with default bounds for boundary metabolite: so4_e.
Adding exchange reaction EX_spmd_e with default bounds for boundary metabolite: spmd_e.
Adding exchange reaction EX_stfrnA_e with default bounds for boundary metabolite: stfrnA_e.
Adding exchange reaction EX_stfrnB_e with default bounds for boundary metabolite: stfrnB_e.
Adding exchange reaction EX_succ_e with default bounds for boundary metabolite: succ_e.
Adding exchange reaction EX_sucr_e with default bounds for boundary metabolite: sucr_e.
Adding exchange reaction EX_sula_e with default bounds for boundary metabolite: sula_e.
Adding exchange reaction EX_tartr__L_e with default bounds for boundary metabolite: tartr__L_e.
Adding exchange reaction EX_taur_e with default bounds for boundary metabolite: taur_e.
Adding exchange reaction EX_tgt_e with default bounds for boundary metabolite: tgt_e.
Adding exchange reaction EX_thm_e with default bounds for boundary metabolite: thm_e.
Adding exchange reaction EX_thr__L_e with default bounds for boundary metabolite: thr__L_e.
Adding exchange reaction EX_thymd_e with default bounds for boundary metabolite: thymd_e.
Adding exchange reaction EX_tre_e with default bounds for boundary metabolite: tre_e.
Adding exchange reaction EX_trp__L_e with default bounds for boundary metabolite: trp__L_e.
Adding exchange reaction EX_tsul_e with default bounds for boundary metabolite: tsul_e.
Adding exchange reaction EX_tyr__L_e with default bounds for boundary metabolite: tyr__L_e.
Adding exchange reaction EX_udcpp_e with default bounds for boundary metabolite: udcpp_e.
Adding exchange reaction EX_ura_e with default bounds for boundary metabolite: ura_e.
Adding exchange reaction EX_uri_e with default bounds for boundary metabolite: uri_e.
Adding exchange reaction EX_val__L_e with default bounds for boundary metabolite: val__L_e.
Adding exchange reaction EX_xan_e with default bounds for boundary metabolite: xan_e.
Adding exchange reaction EX_xyl__D_e with default bounds for boundary metabolite: xyl__D_e.
Adding exchange reaction EX_xylan4_e with default bounds for boundary metabolite: xylan4_e.
Adding exchange reaction EX_xylan8_e with default bounds for boundary metabolite: xylan8_e.
Adding exchange reaction EX_zn2_e with default bounds for boundary metabolite: zn2_e.
Ignoring reaction 'EX_2dhglcn_e' since it already exists.
Ignoring reaction 'EX_2hxmp_e' since it already exists.
Ignoring reaction 'EX_2pglyc_e' since it already exists.
Ignoring reaction 'EX_3amp_e' since it already exists.
Ignoring reaction 'EX_3cmp_e' since it already exists.
Ignoring reaction 'EX_3ump_e' since it already exists.
Ignoring reaction 'EX_4abut_e' since it already exists.
Ignoring reaction 'EX_4ahmmp_e' since it already exists.
Ignoring reaction 'EX_4hba_e' since it already exists.
Ignoring reaction 'EX_LalaDgluMdapDala_e' since it already exists.
Ignoring reaction 'EX_LalaLglu_e' since it already exists.
Ignoring reaction 'EX_Larab_e' since it already exists.
Ignoring reaction 'EX_Lcyst_e' since it already exists.
Ignoring reaction 'EX_abt__L_e' since it already exists.
Ignoring reaction 'EX_ac_e' since it already exists.
Ignoring reaction 'EX_acald_e' since it already exists.
Ignoring reaction 'EX_acgam_e' since it already exists.
Ignoring reaction 'EX_acmana_e' since it already exists.
Ignoring reaction 'EX_actn__R_e' since it already exists.
Ignoring reaction 'EX_agm_e' since it already exists.
Ignoring reaction 'EX_ala_B_e' since it already exists.
Ignoring reaction 'EX_ala_L_asp__L_e' since it already exists.
Ignoring reaction 'EX_ala_L_glu__L_e' since it already exists.
Ignoring reaction 'EX_ala_L_thr__L_e' since it already exists.
Ignoring reaction 'EX_ala__D_e' since it already exists.
Ignoring reaction 'EX_ala__L_e' since it already exists.
Ignoring reaction 'EX_ala_gln_e' since it already exists.
Ignoring reaction 'EX_ala_his_e' since it already exists.
Ignoring reaction 'EX_ala_leu_e' since it already exists.
Ignoring reaction 'EX_alaala_e' since it already exists.
Ignoring reaction 'EX_alagly_e' since it already exists.
Ignoring reaction 'EX_alahis_e' since it already exists.
Ignoring reaction 'EX_alaleu_e' since it already exists.
Ignoring reaction 'EX_alathr_e' since it already exists.
Ignoring reaction 'EX_alatrp_e' since it already exists.
Ignoring reaction 'EX_anhgm_e' since it already exists.
Ignoring reaction 'EX_arab__L_e' since it already exists.
Ignoring reaction 'EX_arbt_e' since it already exists.
Ignoring reaction 'EX_arg__L_e' since it already exists.
Ignoring reaction 'EX_asn__L_e' since it already exists.
Ignoring reaction 'EX_asp__L_e' since it already exists.
Ignoring reaction 'EX_buts_e' since it already exists.
Ignoring reaction 'EX_ca2_e' since it already exists.
Ignoring reaction 'EX_cellb_e' since it already exists.
Ignoring reaction 'EX_cgly_e' since it already exists.
Ignoring reaction 'EX_chol_e' since it already exists.
Ignoring reaction 'EX_chols_e' since it already exists.
Ignoring reaction 'EX_cit_e' since it already exists.
Ignoring reaction 'EX_cl_e' since it already exists.
Ignoring reaction 'EX_co2_e' since it already exists.
Ignoring reaction 'EX_co_e' since it already exists.
Ignoring reaction 'EX_cobalt2_e' since it already exists.
Ignoring reaction 'EX_cu2_e' since it already exists.
Ignoring reaction 'EX_cu_e' since it already exists.
Ignoring reaction 'EX_cys__L_e' since it already exists.
Ignoring reaction 'EX_cytd_e' since it already exists.
Ignoring reaction 'EX_dcyt_e' since it already exists.
Ignoring reaction 'EX_drib_e' since it already exists.
Ignoring reaction 'EX_eths_e' since it already exists.
Ignoring reaction 'EX_etoh_e' since it already exists.
Ignoring reaction 'EX_fald_e' since it already exists.
Ignoring reaction 'EX_fe2_e' since it already exists.
Ignoring reaction 'EX_fe3_e' since it already exists.
Ignoring reaction 'EX_fe3dcit_e' since it already exists.
Ignoring reaction 'EX_fe3pyovd_kt_e' since it already exists.
Ignoring reaction 'EX_fol_e' since it already exists.
Ignoring reaction 'EX_for_e' since it already exists.
Ignoring reaction 'EX_fru_e' since it already exists.
Ignoring reaction 'EX_fum_e' since it already exists.
Ignoring reaction 'EX_g3pc_e' since it already exists.
Ignoring reaction 'EX_g3pg_e' since it already exists.
Ignoring reaction 'EX_g3ps_e' since it already exists.
Ignoring reaction 'EX_gal_e' since it already exists.
Ignoring reaction 'EX_galt_e' since it already exists.
Ignoring reaction 'EX_galur_e' since it already exists.
Ignoring reaction 'EX_gam_e' since it already exists.
Ignoring reaction 'EX_glc__D_e' since it already exists.
Ignoring reaction 'EX_glcn__D_e' since it already exists.
Ignoring reaction 'EX_glcn_e' since it already exists.
Ignoring reaction 'EX_glcr_e' since it already exists.
Ignoring reaction 'EX_glcur_e' since it already exists.
Ignoring reaction 'EX_gln__L_e' since it already exists.
Ignoring reaction 'EX_glu__L_e' since it already exists.
Ignoring reaction 'EX_gly_asn__L_e' since it already exists.
Ignoring reaction 'EX_gly_asp__L_e' since it already exists.
Ignoring reaction 'EX_gly_cys_e' since it already exists.
Ignoring reaction 'EX_gly_e' since it already exists.
Ignoring reaction 'EX_gly_gln_e' since it already exists.
Ignoring reaction 'EX_gly_glu__L_e' since it already exists.
Ignoring reaction 'EX_gly_leu_e' since it already exists.
Ignoring reaction 'EX_gly_met_e' since it already exists.
Ignoring reaction 'EX_gly_phe_e' since it already exists.
Ignoring reaction 'EX_gly_pro__L_e' since it already exists.
Ignoring reaction 'EX_gly_tyr_e' since it already exists.
Ignoring reaction 'EX_glyald_e' since it already exists.
Ignoring reaction 'EX_glyb_e' since it already exists.
Ignoring reaction 'EX_glyc3p_e' since it already exists.
Ignoring reaction 'EX_glyc__R_e' since it already exists.
Ignoring reaction 'EX_glyc_e' since it already exists.
Ignoring reaction 'EX_glyclt_e' since it already exists.
Ignoring reaction 'EX_glygln_e' since it already exists.
Ignoring reaction 'EX_glyglu_e' since it already exists.
Ignoring reaction 'EX_glyglygln_e' since it already exists.
Ignoring reaction 'EX_glymet_e' since it already exists.
Ignoring reaction 'EX_glyphe_e' since it already exists.
Ignoring reaction 'EX_glyser_e' since it already exists.
Ignoring reaction 'EX_gthox_e' since it already exists.
Ignoring reaction 'EX_gthrd_e' since it already exists.
Ignoring reaction 'EX_gua_e' since it already exists.
Ignoring reaction 'EX_h2_e' since it already exists.
Ignoring reaction 'EX_h2o2_e' since it already exists.
Ignoring reaction 'EX_h2o_e' since it already exists.
Ignoring reaction 'EX_h2s_e' since it already exists.
Ignoring reaction 'EX_h_e' since it already exists.
Ignoring reaction 'EX_hexs_e' since it already exists.
Ignoring reaction 'EX_his__L_e' since it already exists.
Ignoring reaction 'EX_hisgly_e' since it already exists.
Ignoring reaction 'EX_hishis_e' since it already exists.
Ignoring reaction 'EX_hqn_e' since it already exists.
Ignoring reaction 'EX_hxan_e' since it already exists.
Ignoring reaction 'EX_icit_e' since it already exists.
Ignoring reaction 'EX_ile__L_e' since it already exists.
Ignoring reaction 'EX_inost_e' since it already exists.
Ignoring reaction 'EX_isetac_e' since it already exists.
Ignoring reaction 'EX_istfrnA_e' since it already exists.
Ignoring reaction 'EX_istfrnB_e' since it already exists.
Ignoring reaction 'EX_istnt_e' since it already exists.
Ignoring reaction 'EX_k_e' since it already exists.
Ignoring reaction 'EX_lac__L_e' since it already exists.
Ignoring reaction 'EX_lcts_e' since it already exists.
Ignoring reaction 'EX_leu__L_e' since it already exists.
Ignoring reaction 'EX_leuleu_e' since it already exists.
Ignoring reaction 'EX_lipoate_e' since it already exists.
Ignoring reaction 'EX_lys__L_e' since it already exists.
Ignoring reaction 'EX_lysglugly_e' since it already exists.
Ignoring reaction 'EX_madg_e' since it already exists.
Ignoring reaction 'EX_mal__D_e' since it already exists.
Ignoring reaction 'EX_mal__L_e' since it already exists.
Ignoring reaction 'EX_malt_e' since it already exists.
Ignoring reaction 'EX_man6pglyc_e' since it already exists.
Ignoring reaction 'EX_man_e' since it already exists.
Ignoring reaction 'EX_mbdg_e' since it already exists.
Ignoring reaction 'EX_meoh_e' since it already exists.
Ignoring reaction 'EX_met_L_ala__L_e' since it already exists.
Ignoring reaction 'EX_met__D_e' since it already exists.
Ignoring reaction 'EX_met__L_e' since it already exists.
Ignoring reaction 'EX_metox__R_e' since it already exists.
Ignoring reaction 'EX_metox_e' since it already exists.
Ignoring reaction 'EX_mg2_e' since it already exists.
Ignoring reaction 'EX_mmet_e' since it already exists.
Ignoring reaction 'EX_mn2_e' since it already exists.
Ignoring reaction 'EX_mnl_e' since it already exists.
Ignoring reaction 'EX_mobd_e' since it already exists.
Ignoring reaction 'EX_mso3_e' since it already exists.
Ignoring reaction 'EX_mththf_e' since it already exists.
Ignoring reaction 'EX_nac_e' since it already exists.
Ignoring reaction 'EX_nh4_e' since it already exists.
Ignoring reaction 'EX_no2_e' since it already exists.
Ignoring reaction 'EX_no3_e' since it already exists.
Ignoring reaction 'EX_o2_e' since it already exists.
Ignoring reaction 'EX_ocdcea_e' since it already exists.
Ignoring reaction 'EX_orn__L_e' since it already exists.
Ignoring reaction 'EX_orn_e' since it already exists.
Ignoring reaction 'EX_oxa_e' since it already exists.
Ignoring reaction 'EX_phe__L_e' since it already exists.
Ignoring reaction 'EX_pheme_e' since it already exists.
Ignoring reaction 'EX_pi_e' since it already exists.
Ignoring reaction 'EX_pnto__R_e' since it already exists.
Ignoring reaction 'EX_ppoh_e' since it already exists.
Ignoring reaction 'EX_pro__L_e' since it already exists.
Ignoring reaction 'EX_progly_e' since it already exists.
Ignoring reaction 'EX_prohisglu_e' since it already exists.
Ignoring reaction 'EX_ptrc_e' since it already exists.
Ignoring reaction 'EX_pyovd_kt_e' since it already exists.
Ignoring reaction 'EX_raffin_e' since it already exists.
Ignoring reaction 'EX_rib__D_e' since it already exists.
Ignoring reaction 'EX_ribflv_e' since it already exists.
Ignoring reaction 'EX_salchs4_e' since it already exists.
Ignoring reaction 'EX_salchs4fe_e' since it already exists.
Ignoring reaction 'EX_salcn_e' since it already exists.
Ignoring reaction 'EX_sbt__D_e' since it already exists.
Ignoring reaction 'EX_ser__D_e' since it already exists.
Ignoring reaction 'EX_ser__L_e' since it already exists.
Ignoring reaction 'EX_serglugly_e' since it already exists.
Ignoring reaction 'EX_so3_e' since it already exists.
Ignoring reaction 'EX_so4_e' since it already exists.
Ignoring reaction 'EX_spmd_e' since it already exists.
Ignoring reaction 'EX_stfrnA_e' since it already exists.
Ignoring reaction 'EX_stfrnB_e' since it already exists.
Ignoring reaction 'EX_succ_e' since it already exists.
Ignoring reaction 'EX_sucr_e' since it already exists.
Ignoring reaction 'EX_sula_e' since it already exists.
Ignoring reaction 'EX_tartr__L_e' since it already exists.
Ignoring reaction 'EX_taur_e' since it already exists.
Ignoring reaction 'EX_tgt_e' since it already exists.
Ignoring reaction 'EX_thm_e' since it already exists.
Ignoring reaction 'EX_thr__L_e' since it already exists.
Ignoring reaction 'EX_thymd_e' since it already exists.
Ignoring reaction 'EX_tre_e' since it already exists.
Ignoring reaction 'EX_trp__L_e' since it already exists.
Ignoring reaction 'EX_tsul_e' since it already exists.
Ignoring reaction 'EX_tyr__L_e' since it already exists.
Ignoring reaction 'EX_udcpp_e' since it already exists.
Ignoring reaction 'EX_ura_e' since it already exists.
Ignoring reaction 'EX_uri_e' since it already exists.
Ignoring reaction 'EX_val__L_e' since it already exists.
Ignoring reaction 'EX_xan_e' since it already exists.
Ignoring reaction 'EX_xyl__D_e' since it already exists.
Ignoring reaction 'EX_xylan4_e' since it already exists.
Ignoring reaction 'EX_xylan8_e' since it already exists.
Ignoring reaction 'EX_zn2_e' since it already exists.
/mnt/data/sur/modules/pkgs/COMETS/2.12.3/lib/cometspy-master/cometspy/model.py:667: FutureWarning: Calling int on a single element Series is deprecated and will raise a TypeError in the future. Use int(ser.iloc[0]) instead
  self.objective = [int(self.reactions[self.reactions.
/mnt/data/sur/modules/pkgs/COMETS/2.12.3/lib/cometspy-master/cometspy/layout.py:1425: FutureWarning: The behavior of DataFrame concatenation with empty or all-NA entries is deprecated. In a future version, this will no longer exclude empty or all-NA columns when determining the result dtypes. To retain the old behavior, exclude the relevant entries before the concat operation.
  self.media = pd.concat([self.media, new_row],
/mnt/data/sur/modules/pkgs/COMETS/2.12.3/lib/cometspy-master/cometspy/comets.py:458: FutureWarning: The 'delim_whitespace' keyword in pd.read_csv is deprecated and will be removed in a future version. Use ``sep='\s+'`` instead
  self.fluxes = pd.read_csv(self.working_dir + self.parameters.all_params['FluxLogName'],
/mnt/data/sur/modules/pkgs/COMETS/2.12.3/lib/cometspy-master/cometspy/comets.py:472: FutureWarning: The 'delim_whitespace' keyword in pd.read_csv is deprecated and will be removed in a future version. Use ``sep='\s+'`` instead
  self.media = pd.read_csv(self.working_dir + self.parameters.all_params[
/mnt/data/sur/modules/pkgs/COMETS/2.12.3/lib/cometspy-master/cometspy/comets.py:808: FutureWarning: The provided callable <built-in function sum> is currently using DataFrameGroupBy.sum. In a future version of pandas, the provided callable will be used directly. To keep current behavior pass the string "sum" instead.
  fluxes = fluxes.groupby(by = "cycle").agg(func = sum).reset_index().drop(columns = ["x", "y"])
